[    0.000000] Linux version 4.15.0-111-generic (buildd@lcy01-amd64-011) (gcc version 7.5.0 (Ubuntu 7.5.0-3ubuntu1~18.04)) #112-Ubuntu SMP Thu Jul 9 20:32:34 UTC 2020 (Ubuntu 4.15.0-111.112-generic 4.15.18)
[    0.000000] Command line: BOOT_IMAGE=/boot/vmlinuz-4.15.0-111-generic root=LABEL=cloudimg-rootfs ro console=tty1 console=ttyS0
[    0.000000] KERNEL supported cpus:
[    0.000000]   Intel GenuineIntel
[    0.000000]   AMD AuthenticAMD
[    0.000000]   Centaur CentaurHauls
[    0.000000] x86/fpu: Supporting XSAVE feature 0x001: 'x87 floating point registers'
[    0.000000] x86/fpu: Supporting XSAVE feature 0x002: 'SSE registers'
[    0.000000] x86/fpu: Supporting XSAVE feature 0x004: 'AVX registers'
[    0.000000] x86/fpu: xstate_offset[2]:  576, xstate_sizes[2]:  256
[    0.000000] x86/fpu: Enabled xstate features 0x7, context size is 832 bytes, using 'standard' format.
[    0.000000] e820: BIOS-provided physical RAM map:
[    0.000000] BIOS-e820: [mem 0x0000000000000000-0x000000000009fbff] usable
[    0.000000] BIOS-e820: [mem 0x000000000009fc00-0x000000000009ffff] reserved
[    0.000000] BIOS-e820: [mem 0x00000000000f0000-0x00000000000fffff] reserved
[    0.000000] BIOS-e820: [mem 0x0000000000100000-0x00000000dffeffff] usable
[    0.000000] BIOS-e820: [mem 0x00000000dfff0000-0x00000000dfffffff] ACPI data
[    0.000000] BIOS-e820: [mem 0x00000000fec00000-0x00000000fec00fff] reserved
[    0.000000] BIOS-e820: [mem 0x00000000fee00000-0x00000000fee00fff] reserved
[    0.000000] BIOS-e820: [mem 0x00000000fffc0000-0x00000000ffffffff] reserved
[    0.000000] BIOS-e820: [mem 0x0000000100000000-0x000000021fffffff] usable
[    0.000000] NX (Execute Disable) protection: active
[    0.000000] SMBIOS 2.5 present.
[    0.000000] DMI: innotek GmbH VirtualBox/VirtualBox, BIOS VirtualBox 12/01/2006
[    0.000000] Hypervisor detected: KVM
[    0.000000] e820: last_pfn = 0x220000 max_arch_pfn = 0x400000000
[    0.000000] MTRR: Disabled
[    0.000000] x86/PAT: MTRRs disabled, skipping PAT initialization too.
[    0.000000] CPU MTRRs all blank - virtualized system.
[    0.000000] x86/PAT: Configuration [0-7]: WB  WT  UC- UC  WB  WT  UC- UC  
[    0.000000] e820: last_pfn = 0xdfff0 max_arch_pfn = 0x400000000
[    0.000000] found SMP MP-table at [mem 0x0009fff0-0x0009ffff]
[    0.000000] Scanning 1 areas for low memory corruption
[    0.000000] RAMDISK: [mem 0x35a67000-0x36d2afff]
[    0.000000] ACPI: Early table checksum verification disabled
[    0.000000] ACPI: RSDP 0x00000000000E0000 000024 (v02 VBOX  )
[    0.000000] ACPI: XSDT 0x00000000DFFF0030 00003C (v01 VBOX   VBOXXSDT 00000001 ASL  00000061)
[    0.000000] ACPI: FACP 0x00000000DFFF00F0 0000F4 (v04 VBOX   VBOXFACP 00000001 ASL  00000061)
[    0.000000] ACPI: DSDT 0x00000000DFFF0470 002325 (v02 VBOX   VBOXBIOS 00000002 INTL 20100528)
[    0.000000] ACPI: FACS 0x00000000DFFF0200 000040
[    0.000000] ACPI: FACS 0x00000000DFFF0200 000040
[    0.000000] ACPI: APIC 0x00000000DFFF0240 00005C (v02 VBOX   VBOXAPIC 00000001 ASL  00000061)
[    0.000000] ACPI: SSDT 0x00000000DFFF02A0 0001CC (v01 VBOX   VBOXCPUT 00000002 INTL 20100528)
[    0.000000] No NUMA configuration found
[    0.000000] Faking a node at [mem 0x0000000000000000-0x000000021fffffff]
[    0.000000] NODE_DATA(0) allocated [mem 0x21ffd1000-0x21fffbfff]
[    0.000000] kvm-clock: cpu 0, msr 2:1ff50001, primary cpu clock
[    0.000000] kvm-clock: Using msrs 4b564d01 and 4b564d00
[    0.000000] kvm-clock: using sched offset of 4124783344 cycles
[    0.000000] clocksource: kvm-clock: mask: 0xffffffffffffffff max_cycles: 0x1cd42e4dffb, max_idle_ns: 881590591483 ns
[    0.000000] Zone ranges:
[    0.000000]   DMA      [mem 0x0000000000001000-0x0000000000ffffff]
[    0.000000]   DMA32    [mem 0x0000000001000000-0x00000000ffffffff]
[    0.000000]   Normal   [mem 0x0000000100000000-0x000000021fffffff]
[    0.000000]   Device   empty
[    0.000000] Movable zone start for each node
[    0.000000] Early memory node ranges
[    0.000000]   node   0: [mem 0x0000000000001000-0x000000000009efff]
[    0.000000]   node   0: [mem 0x0000000000100000-0x00000000dffeffff]
[    0.000000]   node   0: [mem 0x0000000100000000-0x000000021fffffff]
[    0.000000] Reserved but unavailable: 98 pages
[    0.000000] Initmem setup node 0 [mem 0x0000000000001000-0x000000021fffffff]
[    0.000000] ACPI: PM-Timer IO Port: 0x4008
[    0.000000] IOAPIC[0]: apic_id 2, version 32, address 0xfec00000, GSI 0-23
[    0.000000] ACPI: INT_SRC_OVR (bus 0 bus_irq 0 global_irq 2 dfl dfl)
[    0.000000] ACPI: INT_SRC_OVR (bus 0 bus_irq 9 global_irq 9 low level)
[    0.000000] Using ACPI (MADT) for SMP configuration information
[    0.000000] smpboot: Allowing 2 CPUs, 0 hotplug CPUs
[    0.000000] PM: Registered nosave memory: [mem 0x00000000-0x00000fff]
[    0.000000] PM: Registered nosave memory: [mem 0x0009f000-0x0009ffff]
[    0.000000] PM: Registered nosave memory: [mem 0x000a0000-0x000effff]
[    0.000000] PM: Registered nosave memory: [mem 0x000f0000-0x000fffff]
[    0.000000] PM: Registered nosave memory: [mem 0xdfff0000-0xdfffffff]
[    0.000000] PM: Registered nosave memory: [mem 0xe0000000-0xfebfffff]
[    0.000000] PM: Registered nosave memory: [mem 0xfec00000-0xfec00fff]
[    0.000000] PM: Registered nosave memory: [mem 0xfec01000-0xfedfffff]
[    0.000000] PM: Registered nosave memory: [mem 0xfee00000-0xfee00fff]
[    0.000000] PM: Registered nosave memory: [mem 0xfee01000-0xfffbffff]
[    0.000000] PM: Registered nosave memory: [mem 0xfffc0000-0xffffffff]
[    0.000000] e820: [mem 0xe0000000-0xfebfffff] available for PCI devices
[    0.000000] Booting paravirtualized kernel on KVM
[    0.000000] clocksource: refined-jiffies: mask: 0xffffffff max_cycles: 0xffffffff, max_idle_ns: 7645519600211568 ns
[    0.000000] random: get_random_bytes called from start_kernel+0x99/0x500 with crng_init=0
[    0.000000] setup_percpu: NR_CPUS:8192 nr_cpumask_bits:2 nr_cpu_ids:2 nr_node_ids:1
[    0.000000] percpu: Embedded 45 pages/cpu s147456 r8192 d28672 u1048576
[    0.000000] PV qspinlock hash table entries: 256 (order: 0, 4096 bytes)
[    0.000000] Built 1 zonelists, mobility grouping on.  Total pages: 2064249
[    0.000000] Policy zone: Normal
[    0.000000] Kernel command line: BOOT_IMAGE=/boot/vmlinuz-4.15.0-111-generic root=LABEL=cloudimg-rootfs ro console=tty1 console=ttyS0
[    0.000000] Memory: 8142412K/8388152K available (12300K kernel code, 2481K rwdata, 4272K rodata, 2436K init, 2720K bss, 245740K reserved, 0K cma-reserved)
[    0.000000] SLUB: HWalign=64, Order=0-3, MinObjects=0, CPUs=2, Nodes=1
[    0.000000] Kernel/User page tables isolation: enabled
[    0.000000] ftrace: allocating 39378 entries in 154 pages
[    0.004000] Hierarchical RCU implementation.
[    0.004000] 	RCU restricting CPUs from NR_CPUS=8192 to nr_cpu_ids=2.
[    0.004000] 	Tasks RCU enabled.
[    0.004000] RCU: Adjusting geometry for rcu_fanout_leaf=16, nr_cpu_ids=2
[    0.004000] NR_IRQS: 524544, nr_irqs: 440, preallocated irqs: 16
[    0.004000] Console: colour VGA+ 80x25
[    0.004000] console [tty1] enabled
[    0.004000] console [ttyS0] enabled
[    0.004000] ACPI: Core revision 20170831
[    0.004000] ACPI: 2 ACPI AML tables successfully acquired and loaded
[    0.004000] APIC: Switch to symmetric I/O mode setup
[    0.004000] x2apic enabled
[    0.004000] Switched APIC routing to physical x2apic.
[    0.004000] ..TIMER: vector=0x30 apic1=0 pin1=2 apic2=-1 pin2=-1
[    0.004005] tsc: Detected 2194.918 MHz processor
[    0.005066] Calibrating delay loop (skipped) preset value.. 4389.83 BogoMIPS (lpj=8779672)
[    0.008006] pid_max: default: 32768 minimum: 301
[    0.009354] Security Framework initialized
[    0.010349] Yama: becoming mindful.
[    0.012033] AppArmor: AppArmor initialized
[    0.020242] Dentry cache hash table entries: 1048576 (order: 11, 8388608 bytes)
[    0.025723] Inode-cache hash table entries: 524288 (order: 10, 4194304 bytes)
[    0.027390] Mount-cache hash table entries: 16384 (order: 5, 131072 bytes)
[    0.028019] Mountpoint-cache hash table entries: 16384 (order: 5, 131072 bytes)
[    0.030105] Last level iTLB entries: 4KB 1024, 2MB 1024, 4MB 1024
[    0.032004] Last level dTLB entries: 4KB 1024, 2MB 1024, 4MB 1024, 1GB 4
[    0.033425] Spectre V1 : Mitigation: usercopy/swapgs barriers and __user pointer sanitization
[    0.036003] Spectre V2 : Mitigation: Full generic retpoline
[    0.037426] Spectre V2 : Spectre v2 / SpectreRSB mitigation: Filling RSB on context switch
[    0.039879] Speculative Store Bypass: Vulnerable
[    0.040052] SRBDS: Unknown: Dependent on hypervisor status
[    0.041675] MDS: Mitigation: Clear CPU buffers
[    0.044228] Freeing SMP alternatives memory: 36K
[    0.156151] smpboot: CPU0: Intel(R) Core(TM) i7-4770HQ CPU @ 2.20GHz (family: 0x6, model: 0x46, stepping: 0x1)
[    0.158809] Performance Events: unsupported p6 CPU model 70 no PMU driver, software events only.
[    0.160036] Hierarchical SRCU implementation.
[    0.161592] NMI watchdog: Perf event create on CPU 0 failed with -2
[    0.164002] NMI watchdog: Perf NMI watchdog permanently disabled
[    0.167200] smp: Bringing up secondary CPUs ...
[    0.168078] x86: Booting SMP configuration:
[    0.168953] .... node  #0, CPUs:      #1
[    0.004000] kvm-clock: cpu 1, msr 2:1ff50041, secondary cpu clock
[    0.172023] smp: Brought up 1 node, 2 CPUs
[    0.172897] smpboot: Max logical packages: 1
[    0.173957] smpboot: Total of 2 processors activated (8779.67 BogoMIPS)
[    0.176471] devtmpfs: initialized
[    0.176777] x86/mm: Memory block size: 128MB
[    0.178229] evm: security.selinux
[    0.180004] evm: security.SMACK64
[    0.180802] evm: security.SMACK64EXEC
[    0.181657] evm: security.SMACK64TRANSMUTE
[    0.182630] evm: security.SMACK64MMAP
[    0.184003] evm: security.apparmor
[    0.184728] evm: security.ima
[    0.185411] evm: security.capability
[    0.186205] clocksource: jiffies: mask: 0xffffffff max_cycles: 0xffffffff, max_idle_ns: 7645041785100000 ns
[    0.188012] futex hash table entries: 512 (order: 3, 32768 bytes)
[    0.189429] pinctrl core: initialized pinctrl subsystem
[    0.192021] RTC time: 11:33:16, date: 08/05/20
[    0.193209] NET: Registered protocol family 16
[    0.194386] audit: initializing netlink subsys (disabled)
[    0.195546] audit: type=2000 audit(1596627202.612:1): state=initialized audit_enabled=0 res=1
[    0.196012] cpuidle: using governor ladder
[    0.197156] cpuidle: using governor menu
[    0.198045] ACPI: bus type PCI registered
[    0.200004] acpiphp: ACPI Hot Plug PCI Controller Driver version: 0.5
[    0.201514] PCI: Using configuration type 1 for base access
[    0.204360] HugeTLB registered 2.00 MiB page size, pre-allocated 0 pages
[    0.205588] ACPI: Added _OSI(Module Device)
[    0.205588] ACPI: Added _OSI(Processor Device)
[    0.208004] ACPI: Added _OSI(3.0 _SCP Extensions)
[    0.209147] ACPI: Added _OSI(Processor Aggregator Device)
[    0.210395] ACPI: Added _OSI(Linux-Dell-Video)
[    0.211396] ACPI: Added _OSI(Linux-Lenovo-NV-HDMI-Audio)
[    0.212011] ACPI: Added _OSI(Linux-HPI-Hybrid-Graphics)
[    0.213598] ACPI: Executed 1 blocks of module-level executable AML code
[    0.218856] ACPI: Interpreter enabled
[    0.220017] ACPI: (supports S0 S5)
[    0.220749] ACPI: Using IOAPIC for interrupt routing
[    0.222070] PCI: Using host bridge windows from ACPI; if necessary, use "pci=nocrs" and report a bug
[    0.224285] ACPI: Enabled 2 GPEs in block 00 to 07
[    0.232729] ACPI: PCI Root Bridge [PCI0] (domain 0000 [bus 00-ff])
[    0.234263] acpi PNP0A03:00: _OSC: OS supports [ASPM ClockPM Segments MSI]
[    0.236000] acpi PNP0A03:00: _OSC: not requesting OS control; OS requires [ExtendedConfig ASPM ClockPM MSI]
[    0.236014] acpi PNP0A03:00: fail to add MMCONFIG information, can't access extended PCI configuration space under this bridge.
[    0.240586] PCI host bridge to bus 0000:00
[    0.241753] pci_bus 0000:00: root bus resource [io  0x0000-0x0cf7 window]
[    0.244009] pci_bus 0000:00: root bus resource [io  0x0d00-0xffff window]
[    0.245491] pci_bus 0000:00: root bus resource [mem 0x000a0000-0x000bffff window]
[    0.248008] pci_bus 0000:00: root bus resource [mem 0xe0000000-0xfdffffff window]
[    0.249694] pci_bus 0000:00: root bus resource [bus 00-ff]
[    0.254494] pci 0000:00:01.1: legacy IDE quirk: reg 0x10: [io  0x01f0-0x01f7]
[    0.256000] pci 0000:00:01.1: legacy IDE quirk: reg 0x14: [io  0x03f6]
[    0.256003] pci 0000:00:01.1: legacy IDE quirk: reg 0x18: [io  0x0170-0x0177]
[    0.257720] pci 0000:00:01.1: legacy IDE quirk: reg 0x1c: [io  0x0376]
[    0.324352] pci 0000:00:07.0: quirk: [io  0x4000-0x403f] claimed by PIIX4 ACPI
[    0.326251] pci 0000:00:07.0: quirk: [io  0x4100-0x410f] claimed by PIIX4 SMB
[    0.368007] ACPI: PCI Interrupt Link [LNKA] (IRQs 5 9 10 *11)
[    0.369776] ACPI: PCI Interrupt Link [LNKB] (IRQs 5 9 *10 11)
[    0.371203] ACPI: PCI Interrupt Link [LNKC] (IRQs 5 *9 10 11)
[    0.372144] ACPI: PCI Interrupt Link [LNKD] (IRQs 5 9 10 *11)
[    0.373843] SCSI subsystem initialized
[    0.374808] pci 0000:00:02.0: vgaarb: setting as boot VGA device
[    0.374808] pci 0000:00:02.0: vgaarb: VGA device added: decodes=io+mem,owns=io+mem,locks=none
[    0.376005] pci 0000:00:02.0: vgaarb: bridge control possible
[    0.377229] vgaarb: loaded
[    0.380035] ACPI: bus type USB registered
[    0.380918] usbcore: registered new interface driver usbfs
[    0.382115] usbcore: registered new interface driver hub
[    0.383286] usbcore: registered new device driver usb
[    0.384050] EDAC MC: Ver: 3.0.0
[    0.385151] PCI: Using ACPI for IRQ routing
[    0.385341] NetLabel: Initializing
[    0.388003] NetLabel:  domain hash size = 128
[    0.388915] NetLabel:  protocols = UNLABELED CIPSOv4 CALIPSO
[    0.390182] NetLabel:  unlabeled traffic allowed by default
[    0.392163] clocksource: Switched to clocksource kvm-clock
[    0.407698] VFS: Disk quotas dquot_6.6.0
[    0.408749] VFS: Dquot-cache hash table entries: 512 (order 0, 4096 bytes)
[    0.410647] AppArmor: AppArmor Filesystem Enabled
[    0.411729] pnp: PnP ACPI init
[    0.413977] pnp: PnP ACPI: found 3 devices
[    0.424744] clocksource: acpi_pm: mask: 0xffffff max_cycles: 0xffffff, max_idle_ns: 2085701024 ns
[    0.426814] NET: Registered protocol family 2
[    0.428024] TCP established hash table entries: 65536 (order: 7, 524288 bytes)
[    0.429778] TCP bind hash table entries: 65536 (order: 8, 1048576 bytes)
[    0.433447] TCP: Hash tables configured (established 65536 bind 65536)
[    0.434862] UDP hash table entries: 4096 (order: 5, 131072 bytes)
[    0.436234] UDP-Lite hash table entries: 4096 (order: 5, 131072 bytes)
[    0.437686] NET: Registered protocol family 1
[    0.438645] pci 0000:00:00.0: Limiting direct PCI/PCI transfers
[    0.439899] pci 0000:00:01.0: Activating ISA DMA hang workarounds
[    0.441340] pci 0000:00:02.0: Video device with shadowed ROM at [mem 0x000c0000-0x000dffff]
[    0.443745] Unpacking initramfs...
[    0.729521] Freeing initrd memory: 19216K
[    0.730507] PCI-DMA: Using software bounce buffering for IO (SWIOTLB)
[    0.732180] software IO TLB: mapped [mem 0xdbff0000-0xdfff0000] (64MB)
[    0.733722] clocksource: tsc: mask: 0xffffffffffffffff max_cycles: 0x1fa37202099, max_idle_ns: 440795206796 ns
[    0.735846] platform rtc_cmos: registered platform RTC device (no PNP device found)
[    0.737632] Scanning for low memory corruption every 60 seconds
[    0.739677] Initialise system trusted keyrings
[    0.741166] Key type blacklist registered
[    0.742353] workingset: timestamp_bits=36 max_order=21 bucket_order=0
[    0.745017] zbud: loaded
[    0.746154] squashfs: version 4.0 (2009/01/31) Phillip Lougher
[    0.747802] fuse init (API version 7.26)
[    0.753326] Key type asymmetric registered
[    0.754221] Asymmetric key parser 'x509' registered
[    0.755293] Block layer SCSI generic (bsg) driver version 0.4 loaded (major 246)
[    0.757041] io scheduler noop registered
[    0.758001] io scheduler deadline registered
[    0.758957] io scheduler cfq registered (default)
[    0.760597] ACPI: AC Adapter [AC] (off-line)
[    0.761578] input: Power Button as /devices/LNXSYSTM:00/LNXPWRBN:00/input/input0
[    0.763206] ACPI: Power Button [PWRF]
[    0.764160] input: Sleep Button as /devices/LNXSYSTM:00/LNXSLPBN:00/input/input1
[    0.765825] ACPI: Sleep Button [SLPF]
[    0.768580] ACPI: Battery Slot [BAT0] (battery present)
[    0.770000] Serial: 8250/16550 driver, 32 ports, IRQ sharing enabled
[    0.792289] 00:02: ttyS0 at I/O 0x3f8 (irq = 4, base_baud = 115200) is a 16550A
[    0.798125] Linux agpgart interface v0.103
[    0.800920] loop: module loaded
[    0.802232] scsi host0: ata_piix
[    0.803078] scsi host1: ata_piix
[    0.803811] ata1: PATA max UDMA/33 cmd 0x1f0 ctl 0x3f6 bmdma 0xd000 irq 14
[    0.805301] ata2: PATA max UDMA/33 cmd 0x170 ctl 0x376 bmdma 0xd008 irq 15
[    0.806815] libphy: Fixed MDIO Bus: probed
[    0.807745] tun: Universal TUN/TAP device driver, 1.6
[    0.809068] PPP generic driver version 2.4.2
[    0.810404] ehci_hcd: USB 2.0 'Enhanced' Host Controller (EHCI) Driver
[    0.811778] ehci-pci: EHCI PCI platform driver
[    0.812821] ehci-platform: EHCI generic platform driver
[    0.813940] ohci_hcd: USB 1.1 'Open' Host Controller (OHCI) Driver
[    0.815234] ohci-pci: OHCI PCI platform driver
[    0.816196] ohci-platform: OHCI generic platform driver
[    0.817345] uhci_hcd: USB Universal Host Controller Interface driver
[    0.818743] i8042: PNP: PS/2 Controller [PNP0303:PS2K,PNP0f03:PS2M] at 0x60,0x64 irq 1,12
[    0.820928] serio: i8042 KBD port at 0x60,0x64 irq 1
[    0.822040] serio: i8042 AUX port at 0x60,0x64 irq 12
[    0.823393] mousedev: PS/2 mouse device common for all mice
[    0.828359] input: AT Translated Set 2 keyboard as /devices/platform/i8042/serio0/input/input2
[    0.830403] rtc_cmos rtc_cmos: rtc core: registered rtc_cmos as rtc0
[    0.831938] rtc_cmos rtc_cmos: alarms up to one day, 114 bytes nvram
[    0.833335] i2c /dev entries driver
[    0.834178] device-mapper: uevent: version 1.0.3
[    0.835278] device-mapper: ioctl: 4.37.0-ioctl (2017-09-20) initialised: dm-devel@redhat.com
[    0.837157] ledtrig-cpu: registered to indicate activity on CPUs
[    0.838899] NET: Registered protocol family 10
[    0.844784] Segment Routing with IPv6
[    0.845631] NET: Registered protocol family 17
[    0.846737] Key type dns_resolver registered
[    0.848009] mce: Using 0 MCE banks
[    0.848819] RAS: Correctable Errors collector initialized.
[    0.850055] sched_clock: Marking stable (848793787, 0)->(1207361001, -358567214)
[    0.852109] registered taskstats version 1
[    0.853052] Loading compiled-in X.509 certificates
[    0.856903] Loaded X.509 cert 'Build time autogenerated kernel key: e7f49a8350fc58df7a2fc42bf39ecd356db1ebb3'
[    0.859169] zswap: loaded using pool lzo/zbud
[    0.863943] Key type big_key registered
[    0.864871] Key type trusted registered
[    0.867637] Key type encrypted registered
[    0.868647] AppArmor: AppArmor sha1 policy hashing enabled
[    0.869809] ima: No TPM chip found, activating TPM-bypass! (rc=-19)
[    0.871118] ima: Allocated hash algorithm: sha1
[    0.872103] evm: HMAC attrs: 0x1
[    0.873261]   Magic number: 0:582:579
[    0.874136] pci_bus 0000:00: hash matches
[    0.875157] rtc_cmos rtc_cmos: setting system clock to 2020-08-05 11:33:17 UTC (1596627197)
[    0.877309] BIOS EDD facility v0.16 2004-Jun-25, 0 devices found
[    0.878679] EDD information not available.
[    0.989442] Freeing unused kernel image memory: 2436K
[    1.172443] Write protecting the kernel read-only data: 20480k
[    1.175485] Freeing unused kernel image memory: 2008K
[    1.178457] Freeing unused kernel image memory: 1872K
[    1.192436] x86/mm: Checked W+X mappings: passed, no W+X pages found.
[    1.194854] x86/mm: Checking user space page tables
[    1.203511] x86/mm: Checked W+X mappings: passed, no W+X pages found.
Loading, please wait...
starting version 237
[    1.282549] e1000: Intel(R) PRO/1000 Network Driver - version 7.3.21-k8-NAPI
[    1.284526] e1000: Copyright (c) 1999-2006 Intel Corporation.
[    1.291658] Fusion MPT base driver 3.04.20
[    1.292900] Copyright (c) 1999-2008 LSI Corporation
[    1.314108] AVX2 version of gcm_enc/dec engaged.
[    1.315152] AES CTR mode by8 optimization enabled
[    1.336820] Fusion MPT SPI Host driver 3.04.20
[    1.522127] input: ImExPS/2 Generic Explorer Mouse as /devices/platform/i8042/serio1/input/input4
[    1.730114] e1000 0000:00:03.0 eth0: (PCI:33MHz:32-bit) 02:27:36:10:00:0e
[    1.731653] e1000 0000:00:03.0 eth0: Intel(R) PRO/1000 Network Connection
[    1.734403] mptbase: ioc0: Initiating bringup
[    1.828262] ioc0: LSI53C1030 A0: Capabilities={Initiator}
[    2.070832] scsi host2: ioc0: LSI53C1030 A0, FwRev=00000000h, Ports=1, MaxQ=256, IRQ=20
[    2.241055] scsi 2:0:0:0: Direct-Access     VBOX     HARDDISK         1.0  PQ: 0 ANSI: 5
[    2.276197] scsi target2:0:0: Beginning Domain Validation
[    2.294192] scsi target2:0:0: Domain Validation skipping write tests
[    2.295537] scsi target2:0:0: Ending Domain Validation
[    2.296864] scsi target2:0:0: asynchronous
[    2.322033] scsi 2:0:1:0: Direct-Access     VBOX     HARDDISK         1.0  PQ: 0 ANSI: 5
[    2.461335] scsi target2:0:1: Beginning Domain Validation
[    2.465226] random: fast init done
[    2.467109] scsi target2:0:1: Domain Validation skipping write tests
[    2.468596] scsi target2:0:1: Ending Domain Validation
[    2.469758] scsi target2:0:1: asynchronous
[    2.476349] random: systemd-udevd: uninitialized urandom read (16 bytes read)
[    2.478197] random: systemd-udevd: uninitialized urandom read (16 bytes read)
[    2.479772] random: systemd-udevd: uninitialized urandom read (16 bytes read)
[    2.481565] sd 2:0:0:0: Attached scsi generic sg0 type 0
[    2.482962] sd 2:0:1:0: Attached scsi generic sg1 type 0
[    2.492212] sd 2:0:0:0: [sda] 20971520 512-byte logical blocks: (10.7 GB/10.0 GiB)
[    2.493940] sd 2:0:1:0: [sdb] 20480 512-byte logical blocks: (10.5 MB/10.0 MiB)
[    2.495645] sd 2:0:0:0: [sda] Write Protect is off
[    2.497051] sd 2:0:1:0: [sdb] Write Protect is off
[    2.498501] sd 2:0:0:0: [sda] Incomplete mode parameter data
[    2.499722] sd 2:0:0:0: [sda] Assuming drive cache: write through
[    2.502658] sd 2:0:1:0: [sdb] Incomplete mode parameter data
[    2.504020] sd 2:0:1:0: [sdb] Assuming drive cache: write through
[    2.508082]  sda: sda1
[    2.510338] sd 2:0:0:0: [sda] Attached SCSI disk
[    2.513021] sd 2:0:1:0: [sdb] Attached SCSI disk
[    2.669451] e1000 0000:00:08.0 eth1: (PCI:33MHz:32-bit) 08:00:27:c0:f0:4b
[    2.671000] e1000 0000:00:08.0 eth1: Intel(R) PRO/1000 Network Connection
[    2.673999] e1000 0000:00:08.0 enp0s8: renamed from eth1
[    2.753569] e1000 0000:00:03.0 enp0s3: renamed from eth0
Begin: Loading essential drivers ... [    4.205568] raid6: sse2x1   gen() 11230 MB/s
[    4.252155] raid6: sse2x1   xor()  7594 MB/s
[    4.306592] raid6: sse2x2   gen() 14670 MB/s
[    4.353059] raid6: sse2x2   xor()  8277 MB/s
[    4.400045] raid6: sse2x4   gen() 14847 MB/s
[    4.448401] raid6: sse2x4   xor()  8823 MB/s
[    4.496277] raid6: avx2x1   gen() 19717 MB/s
[    4.544580] raid6: avx2x1   xor() 13956 MB/s
[    4.592614] raid6: avx2x2   gen() 23694 MB/s
[    4.640083] raid6: avx2x2   xor() 14242 MB/s
[    4.688610] raid6: avx2x4   gen() 26130 MB/s
[    4.736033] raid6: avx2x4   xor() 15960 MB/s
[    4.738989] raid6: using algorithm avx2x4 gen() 26130 MB/s
[    4.740116] raid6: .... xor() 15960 MB/s, rmw enabled
[    4.741183] raid6: using avx2x2 recovery algorithm
[    4.743916] xor: automatically using best checksumming function   avx       
[    4.746827] async_tx: api initialized (async)
done.
Begin: Running /scripts/init-premount ... done.
Begin: Mounting root file system ... Begin: Running /scripts/local-top ... done.
Begin: Running /scripts/local-premount ... [    4.795518] Btrfs loaded, crc32c=crc32c-intel
Scanning for Btrfs filesystems
done.
Warning: fsck not present, so skipping root file system
[    4.828993] EXT4-fs (sda1): mounted filesystem with ordered data mode. Opts: (null)
done.
Begin: Running /scripts/local-bottom ... done.
Begin: Running /scripts/init-bottom ... done.
[    4.990411] ip_tables: (C) 2000-2006 Netfilter Core Team
[    5.002451] systemd[1]: systemd 237 running in system mode. (+PAM +AUDIT +SELINUX +IMA +APPARMOR +SMACK +SYSVINIT +UTMP +LIBCRYPTSETUP +GCRYPT +GNUTLS +ACL +XZ +LZ4 +SECCOMP +BLKID +ELFUTILS +KMOD -IDN2 +IDN -PCRE2 default-hierarchy=hybrid)
[    5.006831] systemd[1]: Detected virtualization oracle.
[    5.008263] systemd[1]: Detected architecture x86-64.

Welcome to [1mUbuntu 18.04.4 LTS[0m!

[    5.015645] systemd[1]: Set hostname to <ubuntu>.
[    5.020874] systemd[1]: Initializing machine ID from random generator.
[    5.022365] systemd[1]: Installed transient /etc/machine-id file.
[    5.270792] systemd[1]: Set up automount Arbitrary Executable File Formats File System Automount Point.
[[0;32m  OK  [0m] Set up automount Arbitrary Executabâ€¦rmats File System Automount Point.
[    5.284944] systemd[1]: Started Forward Password Requests to Wall Directory Watch.
[[0;32m  OK  [0m] Started Forward Password Requests to Wall Directory Watch.
[    5.289017] systemd[1]: Reached target Swap.
[[0;32m  OK  [0m] Reached target Swap.
[    5.294549] systemd[1]: Created slice User and Session Slice.
[[0;32m  OK  [0m] Created slice User and Session Slice.
[[0;32m  OK  [0m] Reached target User and Group Name Lookups.
[[0;32m  OK  [0m] Reached target System Time Synchronized.
[[0;32m  OK  [0m] Created slice System Slice.
[[0;32m  OK  [0m] Listening on LVM2 metadata daemon socket.
[[0;32m  OK  [0m] Listening on udev Kernel Socket.
[[0;32m  OK  [0m] Listening on /dev/initctl Compatibility Named Pipe.
[[0;32m  OK  [0m] Listening on udev Control Socket.
[[0;32m  OK  [0m] Reached target Slices.
[[0;32m  OK  [0m] Listening on Syslog Socket.
[[0;32m  OK  [0m] Listening on Journal Audit Socket.
[[0;32m  OK  [0m] Listening on Device-mapper event daemon FIFOs.
[[0;32m  OK  [0m] Listening on LVM2 poll daemon socket.
[[0;32m  OK  [0m] Listening on Network Service Netlink Socket.
[[0;32m  OK  [0m] Listening on Journal Socket (/dev/log).
[[0;32m  OK  [0m] Listening on Journal Socket.
         Starting Load Kernel Modules...
         Starting Uncomplicated firewall...
[    5.378235] Loading iSCSI transport class v2.0-870.
         Starting Remount Root and Kernel File Systems...
         Mounting POSIX Message Queue File System...
[    5.395847] iscsi: registered transport (tcp)
         Starting udev Coldplug all Devices...
         Mounting Huge Pages File System...
         Starting Create list of required stâ€¦ce nodes for the current kernel...
         Starting Set the console keyboard layout...
         Mounting Kernel Debug File System...
         Starting Journal Service...
         Startin[    5.421679] iscsi: registered transport (iser)
g Monitoring of LVM2 mirrorsâ€¦ng dmeventd or progress polling...
[[0;32m  OK  [0m] Created slice system-serial\x2dgetty.slice.
[[0;32m  OK  [0m] Started Load Kernel Modules.
[[0;32m  OK  [0m] Started Uncomplicated firewall.
[[0;32m  OK  [0m] Mounted POSIX Message Queue File System.
[[0;32m  OK  [0m] Mounted Huge Pages File System.
[[0;32m  OK  [0m] Mounted Kernel Debug File System.
         Mounting Kernel Configuration File System...
         Mounting FUSE Control File System...
         Starting Apply Kernel Variables...
[[0;32m  OK  [0m] Mounted Kernel Configuration File System.
[[0;32m  OK  [0m] Mounted FUSE Control File System.
[[0;32m  OK  [0m] Started Create list of required staâ€¦vice nodes for the current kernel.
         Starting Create Static Device Nodes in /dev...
[[0;32m  OK  [0m] Started LVM2 metadata daemon.
[    5.503787] EXT4-fs (sda1): re-mounted. Opts: (null)
[[0;32m  OK  [0m] Started Remount Root and Kernel File Systems.
         Starting Load/Save Random Seed...
[[0;32m  OK  [0m] Started udev Coldplug all Devices.
[[0;32m  OK  [0m] Started Create Static Device Nodes in /dev.
[[0;32m  OK  [0m] Started Load/Save Random Seed.
         Starting udev Kernel Device Manager...
[[0;32m  OK  [0m] Started Apply Kernel Variables.
[[0;32m  OK  [0m] Started Monitoring of LVM2 mirrors,â€¦sing dmeventd or progress polling.
[[0;32m  OK  [0m] Started Journal Service.
         Starting Flush Journal to Persistent Storage...
[[0;32m  OK  [0m] Started udev Kernel Device Manager.
[[0;32m  OK  [0m] Started Flush Journal to Persistent Storage.
[[0;32m  OK  [0m] Started Set the console keyboard layout.
[[0;32m  OK  [0m] Reached target Local File Systems (Pre).
[[0;32m  OK  [0m] Reached target Local File Systems.
         Starting Create Volatile Files and Directories...
         Starting Commit a transient machine-id on disk...
         Starting Tell Plymouth To Write Out Runtime Data...
         Starting Set console font and keymap...
         Starting ebtables ruleset management...
         Starting AppArmor initialization...
[[0;32m  OK  [0m] Started Dispatch Password Requests to Console Directory Watch.
[[0;32m  OK  [0m] Reached target Local Encrypted Volumes.
[[0;32m  OK  [0m] Started Tell Plymouth To Write Out Runtime Data.
[[0;32m  OK  [0m] Started Create Volatile Files and Directories.
[[0;32m  OK  [0m] Started Set console font and keymap.
         Starting Update UTMP about System Boot/Shutdown...
[[0;32m  OK  [0m] Started Update UTMP about System Boot/Shutdown.
[[0;32m  OK  [0m] Started Commit a transient machine-id on disk.
[[0;32m  OK  [0m] Started ebtables ruleset management.
[[0;32m  OK  [0m] Found device /dev/ttyS0.
[[0;32m  OK  [0m] Listening on Load/Save RF Kill Switch Status /dev/rfkill Watch.
[[0;32m  OK  [0m] Started AppArmor initialization.
         Starting Load AppArmor profiles managed internally by snapd...
         Starting Initial cloud-init job (pre-networking)...
[[0;32m  OK  [0m] Started Load AppArmor profiles managed internally by snapd.
[    7.766141] cloud-init[534]: Cloud-init v. 20.2-45-g5f7825e2-0ubuntu1~18.04.1 running 'init-local' at Wed, 05 Aug 2020 11:33:24 +0000. Up 7.42 seconds.
[[0;32m  OK  [0m] Started Initial cloud-init job (pre-networking).
[[0;32m  OK  [0m] Reached target Network (Pre).
         Starting Network Service...
[[0;32m  OK  [0m] Started Network Service.
         Starting Wait for Network to be Configured...
         Starting Network Name Resolution...
[[0;32m  OK  [0m] Started Network Name Resolution.
[[0;32m  OK  [0m] Reached target Host and Network Name Lookups.
[[0;32m  OK  [0m] Reached target Network.
[[0;32m  OK  [0m] Started Wait for Network to be Configured.
         Starting Initial cloud-init job (metadata service crawler)...
[    9.460748] cloud-init[644]: Cloud-init v. 20.2-45-g5f7825e2-0ubuntu1~18.04.1 running 'init' at Wed, 05 Aug 2020 11:33:25 +0000. Up 9.32 seconds.
[    9.462398] cloud-init[644]: ci-info: +++++++++++++++++++++++++++++++++++++Net device info+++++++++++++++++++++++++++++++++++++
[    9.464520] cloud-init[644]: ci-info: +--------+-------+-------------------------+---------------+--------+-------------------+
[    9.466682] cloud-init[644]: ci-info: | Device |   Up  |         Address         |      Mask     | Scope  |     Hw-Address    |
[    9.469089] cloud-init[644]: ci-info: +--------+-------+-------------------------+---------------+--------+-------------------+
[    9.471864] cloud-init[644]: ci-info: | enp0s3 |  True |        10.0.2.15        | 255.255.255.0 | global | 02:27:36:10:00:0e |
[    9.484675] cloud-init[644]: ci-info: | enp0s3 |  True | fe80::27:36ff:fe10:e/64 |       .       |  link  | 02:27:36:10:00:0e |
[    9.496183] cloud-init[644]: ci-info: | enp0s8 | False |            .            |       .       |   .    | 08:00:27:c0:f0:4b |
[    9.498917] cloud-init[644]: ci-info: |   lo   |  True |        127.0.0.1        |   255.0.0.0   |  host  |         .         |
[    9.500503] cloud-init[644]: ci-info: |   lo   |  True |         ::1/128         |       .       |  host  |         .         |
[    9.501933] cloud-init[644]: ci-info: +--------+-------+-------------------------+---------------+--------+-------------------+
[    9.503456] cloud-init[644]: ci-info: ++++++++++++++++++++++++++++Route IPv4 info+++++++++++++++++++++++++++++
[    9.516341] cloud-init[644]: ci-info: +-------+-------------+----------+-----------------+-----------+-------+
[    9.517732] cloud-init[644]: ci-info: | Route | Destination | Gateway  |     Genmask     | Interface | Flags |
[    9.519202] cloud-init[644]: ci-info: +-------+-------------+----------+-----------------+-----------+-------+
[    9.520699] cloud-init[644]: ci-info: |   0   |   0.0.0.0   | 10.0.2.2 |     0.0.0.0     |   enp0s3  |   UG  |
[    9.522280] cloud-init[644]: ci-info: |   1   |   10.0.2.0  | 0.0.0.0  |  255.255.255.0  |   enp0s3  |   U   |
[    9.532297] cloud-init[644]: ci-info: |   2   |   10.0.2.2  | 0.0.0.0  | 255.255.255.255 |   enp0s3  |   UH  |
[    9.533881] cloud-init[644]: ci-info: +-------+-------------+----------+-----------------+-----------+-------+
[    9.535236] cloud-init[644]: ci-info: +++++++++++++++++++Route IPv6 info+++++++++++++++++++
[    9.536450] cloud-init[644]: ci-info: +-------+-------------+---------+-----------+-------+
[    9.537758] cloud-init[644]: ci-info: | Route | Destination | Gateway | Interface | Flags |
[    9.539055] cloud-init[644]: ci-info: +-------+-------------+---------+-----------+-------+
[    9.540014] cloud-init[644]: ci-info: |   1   |  fe80::/64  |    ::   |   enp0s3  |   U   |
[    9.541509] cloud-init[644]: ci-info: |   3   |    local    |    ::   |   enp0s3  |   U   |
[    9.542687] cloud-init[644]: ci-info: |   4   |   ff00::/8  |    ::   |   enp0s3  |   U   |
[    9.544458] cloud-init[644]: ci-info: +-------+-------------+---------+-----------+-------+
[   10.277099] cloud-init[644]: Generating public/private rsa key pair.
[   10.278642] cloud-init[644]: Your identification has been saved in /etc/ssh/ssh_host_rsa_key.
[   10.280065] cloud-init[644]: Your public key has been saved in /etc/ssh/ssh_host_rsa_key.pub.
[   10.292833] cloud-init[644]: The key fingerprint is:
[   10.304250] cloud-init[644]: SHA256:7fNjlob8XUakFImDsertxw3kjcVDfGeTm0FlZ/cT9hk root@ubuntu-bionic
[   10.305653] cloud-init[644]: The key's randomart image is:
[   10.306495] cloud-init[644]: +---[RSA 2048]----+
[   10.321077] cloud-init[644]: |          .o ooEO|
[   10.321971] cloud-init[644]: |          ..o =B%|
[[   10.332284] cloud-init[644]: |          .  +.=X|
[   10.332389] cloud-init[644]: |         o  ..+=.|
[0;32m  OK  [0m[   10.333196] ] cloud-initStarted Initial cloud-init job (metadata service crawler).[644]: 
|        S .o +...|
[[   10.344709] cloud-init[644]: |       . o  + .. |
[   10.344801] cloud-init[644]: |        ..+o +  o|
[0;32m  OK  [0m] Reached target Network is Online.
[   10.344991] cloud-init[644]: |         .ooO..o |
[   10.347956] cloud-init[644]: |          .*o..  |
[   10.348919] cloud-init[644]: +----[SHA256]-----+
[   10.349630] cloud-init[644]: Generating public/private dsa key pair.
[   10.350709] cloud-init[644]: Your identification has been saved in /etc/ssh/ssh_host_dsa_key.
[   10.351918] cloud-init[644]: Your public key has been saved in /etc/ssh/ssh_host_dsa_key.pub.
[   10.353218] cloud-init[644]: The key fingerprint is:
[   10.353995] cloud-init[644]: SHA256:ClwJAytG1qZUBa8/sD43uesgdFJVKgHVzOfW6sXdVMM root@ubuntu-bionic
[   10.364433] cloud-init[644]: The key's randomart image is:
[   10.364526] cloud-init[644]: +---[DSA 1024]----+
         Starting Availability of block devices...
[[   10.364615] cloud-init[644]: | +**Oo..      .  |
[   10.366453] cloud-init[644]: |o. ++*.o       E |
[   10.366789] cloud-init[644]: |o.+o o= .     . .|
[   10.367496] cloud-init[644]: |.o..o. o .   .   |
[   10.368270] cloud-init[644]: | o +o . S . o    |
[   10.369176] cloud-init[644]: |. o +. o o . .   |
[   10.369554] cloud-init[644]: | . o o+ .        |
[   10.370017] cloud-init[644]: |  o..+..         |
[   10.370314] cloud-init[644]: |   .+++          |
[   10.370814] cloud-init[644]: +----[SHA256]-----+
[   10.371034] cloud-init[644]: Generating public/private ecdsa key pair.
[   10.371968] cloud-init[644]: Your identification has been saved in /etc/ssh/ssh_host_ecdsa_key.
[   10.372648] cloud-init[644]: Your public key has been saved in /etc/ssh/ssh_host_ecdsa_key.pub.
[   10.372930] cloud-init[644]: The key fingerprint is:
[   10.373170] cloud-init[644]: SHA256:0+9qF8AmReNsWtwCavQBaN7q+v8Mq+mm8bG5a3htLDk root@ubuntu-bionic
[   10.374581] cloud-init[644]: The key's randomart image is:
[   10.375222] cloud-init[644]: +---[ECDSA 256]---+
[   10.375269] cloud-init[644]: |     .o.o.o      |
[   10.375856] cloud-init[644]: |    o. o *.o     |
[   10.376095] cloud-init[644]: |   o .o .oB .    |
[   10.377975] cloud-init[644]: |    ... .=+.     |
[   10.379114] cloud-init[644]: |     .  So..     |
[   10.379504] cloud-init[644]: |    .    . ..    |
[   10.379896] cloud-init[644]: |  .o.+.     ..   |
[   10.380651] cloud-init[644]: |  .oE=++  ...    |
[   10.381639] cloud-init[644]: |  oO@Oo.o..o.    |
[   10.381756] cloud-init[644]: +----[SHA256]-----+
[   10.382555] cloud-init[644]: Generating public/private ed25519 key pair.
[   10.382881] cloud-init[644]: Your identification has been saved in /etc/ssh/ssh_host_ed25519_key.
[   10.383949] cloud-init[644]: Your public key has been saved in /etc/ssh/ssh_host_ed25519_key.pub.
[   10.385158] cloud-init[644]: The key fingerprint is:
[   10.385874] cloud-init[644]: SHA256:l7fXetOMh7xrWN1GmYE16yIei1l4DEVfHmjgn+9w05w root@ubuntu-bionic
[   10.386983] cloud-init[644]: The key's randomart image is:
[0;32m  OK  [0m] Reached target Remote File Systems (Pre).
[   10.387706] cloud-init[644]: +--[ED25519 256]--+
[[0;32m  OK  [0m] Reached target Remote File Systems.
[   10.389731] cloud-init[644]: |          .+. += |
[   10.390298] cloud-init[644]: |          o .+o.+|
[   10.390729] cloud-init[644]: |         . ... o+|
[   10.390944] cloud-init[644]: |          +.. oo.|
[   10.391554] cloud-init[644]: |        S.o*.+ +.|
[   10.392917] cloud-init[644]: |         .*.+.+o*|
[   10.393068] cloud-init[644]: |         o o.=.E=|
[   10.393877] cloud-init[644]: |            ..Oo*|
[   10.394407] cloud-init[644]: |             .+*.|
[   10.395448] cloud-init[644]: +----[SHA256]-----+
[[0;32m  OK  [0m] Reached target Cloud-config availability.
[[0;32m  OK  [0m] Reached target System Initialization.
         Starting Socket activation for snappy daemon.
[[0;32m  OK  [0m] Started ACPI Events Check.
         Starting LXD - unix socket.
[[0;32m  OK  [0m] Listening on D-Bus System Message Bus Socket.
[[0;32m  OK  [0m] Listening on UUID daemon activation socket.
[[0;32m  OK  [0m] Listening on Open-iSCSI iscsid Socket.
[[0;32m  OK  [0m] Started Discard unused blocks once a week.
[[0;32m  OK  [0m] Started Message of the Day.
[[0;32m  OK  [0m] Listening on ACPID Listen Socket.
[[0;32m  OK  [0m] Reached target Paths.
[[0;32m  OK  [0m] Started Daily apt download activities.
[[0;32m  OK  [0m] Started Daily apt upgrade and clean activities.
[[0;32m  OK  [0m] Started Daily Cleanup of Temporary Directories.
[[0;32m  OK  [0m] Reached target Timers.
[[0;32m  OK  [0m] Started Availability of block devices.
[[0;32m  OK  [0m] Listening on Socket activation for snappy daemon.
[[0;32m  OK  [0m] Listening on LXD - unix socket.
[[0;32m  OK  [0m] Reached target Sockets.
[[0;32m  OK  [0m] Reached target Basic System.
         Starting Login Service...
         Starting LSB: automatic crash report generation...
         Starting Accounts Service...
[[0;32m  OK  [0m] Started Regular background program processing daemon.
[[0;32m  OK  [0m] Started Deferred execution scheduler.
         Starting LSB: Record successful boot for GRUB...
[[0;32m  OK  [0m] Started FUSE filesystem for LXC.
         Starting Virtualbox guest utils...
         Starting Permit User Sessions...
         Starting LXD - container startup/shutdown...
[[0;32m  OK  [0m] Started D-Bus System Message Bus.
         Starting Dispatcher daemon for systemd-networkd...
         Starting Pollinate to seed the pseudo random number generator...
[[0;32m  OK  [0m] Started irqbalance daemon.
         Starting System Logging Service...
         Starting Snap Daemon...
[[0;32m  OK  [0m] Started System Logging Service.
[[0;32m  OK  [0m] Started Permit User Sessions.
[[0;32m  OK  [0m] Started LXD - container startup/shutdown.
[[0;32m  OK  [0m] Started Login Service.
         Starting Authorization Manager...
[[0;32m  OK  [0m] Started Unattended Upgrades Shutdown.
         Starting Hold until boot process finishes up...
         Starting Terminate Plymouth Boot Screen...
[[0;32m  OK  [0m] Started Hold until boot process finishes up.
[[0;32m  OK  [0m] Started Serial Getty on ttyS0.
         Starting Set console scheme...
[[0;32m  OK  [0m] Started Terminate Plymouth Boot Screen.
[[0;32m  OK  [0m] Started Authorization Manager.
[[0;32m  OK  [0m] Started Accounts Service.
[[0;32m  OK  [0m] Started Set console scheme.
[[0;32m  OK  [0m] Created slice system-getty.slice.
[[0;32m  OK  [0m] Started Getty on tty1.
[[0;32m  OK  [0m] Reached target Login Prompts.
[[0;32m  OK  [0m] Started LSB: automatic crash report generation.
[[0;32m  OK  [0m] Started Virtualbox guest utils.
[[0;32m  OK  [0m] Started LSB: Record successful boot for GRUB.
[[0;32m  OK  [0m] Started Dispatcher daemon for systemd-networkd.
[[0;32m  OK  [0m] Started Snap Daemon.
         Starting Wait until snapd is fully seeded...
[[0;32m  OK  [0m] Started Pollinate to seed the pseudo random number generator.
         Starting OpenBSD Secure Shell server...
[[0;32m  OK  [0m] Started OpenBSD Secure Shell server.
[[0;32m  OK  [0m] Created slice User Slice of vagrant.
         Starting User Manager for UID 1000...
[[0;32m  OK  [0m] Started Session 1 of user vagrant.
[[0;32m  OK  [0m] Started User Manager for UID 1000.
[[0;32m  OK  [0m] Started Wait until snapd is fully seeded.
         Starting Apply the settings specified in cloud-config...
[[0;32m  OK  [0m] Reached target Multi-User System.
[[0;32m  OK  [0m] Reached target Graphical Interface.
         Starting Update UTMP about System Runlevel Changes...
[[0;32m  OK  [0m] Started Update UTMP about System Runlevel Changes.
[   15.316193] cloud-init[1255]: Cloud-init v. 20.2-45-g5f7825e2-0ubuntu1~18.04.1 running 'modules:config' at Wed, 05 Aug 2020 11:33:31 +0000. Up 14.89 seconds.
[[0;32m  OK  [0m] Started Apply the settings specified in cloud-config.
         Starting Execute cloud user/final scripts...
ci-info: no authorized SSH keys fingerprints found for user ubuntu.
<14>Aug  5 11:33:32 ec2: 
<14>Aug  5 11:33:32 ec2: #############################################################
<14>Aug  5 11:33:32 ec2: -----BEGIN SSH HOST KEY FINGERPRINTS-----
<14>Aug  5 11:33:32 ec2: 1024 SHA256:ClwJAytG1qZUBa8/sD43uesgdFJVKgHVzOfW6sXdVMM root@ubuntu-bionic (DSA)
<14>Aug  5 11:33:32 ec2: 256 SHA256:0+9qF8AmReNsWtwCavQBaN7q+v8Mq+mm8bG5a3htLDk root@ubuntu-bionic (ECDSA)
<14>Aug  5 11:33:32 ec2: 256 SHA256:l7fXetOMh7xrWN1GmYE16yIei1l4DEVfHmjgn+9w05w root@ubuntu-bionic (ED25519)
<14>Aug  5 11:33:32 ec2: 2048 SHA256:7fNjlob8XUakFImDsertxw3kjcVDfGeTm0FlZ/cT9hk root@ubuntu-bionic (RSA)
<14>Aug  5 11:33:32 ec2: -----END SSH HOST KEY FINGERPRINTS-----
<14>Aug  5 11:33:32 ec2: #############################################################
-----BEGIN SSH HOST KEY KEYS-----
ecdsa-sha2-nistp256 AAAAE2VjZHNhLXNoYTItbmlzdHAyNTYAAAAIbmlzdHAyNTYAAABBBN9A4zDiJW+id+yEP70zbcoNC1CG8OpvGcmF7YBGIAdf17o9Ob0j4inPiw2BkfWQOzUtjx+e4iWDkCJsleqahvI= root@ubuntu-bionic
ssh-ed25519 AAAAC3NzaC1lZDI1NTE5AAAAIAMSF0FDk68lF4cniI2MUVkyHU4sXrBrlR4N+ClnMzJo root@ubuntu-bionic
ssh-rsa AAAAB3NzaC1yc2EAAAADAQABAAABAQDITCdyXfWLpLWrc02YIJmPRzU7STTes+0tl+YcTBG614S5JLddGvckdT+wysa1f6alDBnUiPTsToBwrmp77whpfiydlkW3JPlcGgTS9szFBuWppy2cd9uYol/T+kSxmta9iRg/Mh04x0XlvsuQyl3yf8Ra9KMksRNKpN9nOlANDNCkYYDcM0Fjaj56s5NWBPJ8CMbXgpbyE3vq0M3OvntgO1aAQqeL6wa29JDzfo45pqZfxraZPVMqgoYIzlGEr3dlL1VndshyrY9+b9ed3nWqssl1PkAVASnj0fik0eHNrS8GzGOWlxghr0dxdj6HitEiDaRmSoZt0lK4lRNaXbeN root@ubuntu-bionic
-----END SSH HOST KEY KEYS-----
[   15.926166] cloud-init[1421]: Cloud-init v. 20.2-45-g5f7825e2-0ubuntu1~18.04.1 running 'modules:final' at Wed, 05 Aug 2020 11:33:32 +0000. Up 15.74 seconds.
[   15.928281] cloud-init[1421]: ci-info: no authorized SSH keys fingerprints found for user ubuntu.
[   15.929945] cloud-init[1421]: Cloud-init v. 20.2-45-g5f7825e2-0ubuntu1~18.04.1 finished at Wed, 05 Aug 2020 11:33:32 +0000. Datasource DataSourceNoCloud [seed=/dev/sdb][dsmode=net].  Up 15.91 seconds

Ubuntu 18.04.4 LTS ubuntu-bionic ttyS0

ubuntu-bionic login:          Stopping Availability of block devices...
[[0;32m  OK  [0m] Closed Load/Save RF Kill Switch Status /dev/rfkill Watch.
         Stopping Session 7 of user vagrant.
[[0;32m  OK  [0m] Stopped target Cloud-init target.
         Stopping Authorization Manager...
[[0;32m  OK  [0m] Stopped target Graphical Interface.
[[0;32m  OK  [0m] Stopped target Timers.
[[0;32m  OK  [0m] Stopped Daily Cleanup of Temporary Directories.
[[0;32m  OK  [0m] Stopped Discard unused blocks once a week.
[[0;32m  OK  [0m] Stopped Message of the Day.
[[0;32m  OK  [0m] Stopped Daily apt upgrade and clean activities.
[[0;32m  OK  [0m] Stopped Daily apt download activities.
[[0;32m  OK  [0m] Stopped target System Time Synchronized.
[[0;32m  OK  [0m] Stopped Execute cloud user/final scripts.
[[0;32m  OK  [0m] Stopped Apply the settings specified in cloud-config.
[[0;32m  OK  [0m] Stopped target Cloud-config availability.
[[0;32m  OK  [0m] Stopped target Network is Online.
[[0;32m  OK  [0m] Stopped target Multi-User System.
         Stopping LXD - container startup/shutdown...
         Stopping D-Bus System Message Bus...
         Stopping LSB: automatic crash report generation...
[[0;32m  OK  [0m] Stopped target Login Prompts.
         Stopping Serial Getty on ttyS0...
         Stopping FUSE filesystem for LXC...
         Stopping Regular background program processing daemon...
[[0;32m  OK  [0m] Stopped Wait until snapd is fully seeded.
         Stopping Virtualbox guest utils...
         Stopping irqbalance daemon...
         Stopping Deferred execution scheduler...
         Stopping System Logging Service...
         Stopping Dispatcher daemon for systemd-networkd...
[[0;32m  OK  [0m] Stopped target Host and Network Name Lookups.
         Stopping LSB: Record successful boot for GRUB...
         Stopping Getty on tty1...
         Stopping User Manager for UID 1000...
         Stopping OpenBSD Secure Shell server...
         Stopping Accounts Service...
[[0;32m  OK  [0m] Unmounted /var/lib/lxcfs.
[[0;32m  OK  [0m] Stopped Accounts Service.
[[0;32m  OK  [0m] Stopped Regular background program processing daemon.
[[0;32m  OK  [0m] Stopped Deferred execution scheduler.
[[0;32m  OK  [0m] Stopped Dispatcher daemon for systemd-networkd.
[[0;32m  OK  [0m] Stopped irqbalance daemon.
[[0;32m  OK  [0m] Stopped System Logging Service.
[[0;32m  OK  [0m] Stopped Authorization Manager.
[[0;32m  OK  [0m] Stopped Serial Getty on ttyS0.
[[0;32m  OK  [0m] Stopped Getty on tty1.
[[0;32m  OK  [0m] Stopped OpenBSD Secure Shell server.
[[0;32m  OK  [0m] Stopped User Manager for UID 1000.
[[0;32m  OK  [0m] Stopped Availability of block devices.
[[0;32m  OK  [0m] Stopped D-Bus System Message Bus.
[[0;32m  OK  [0m] Stopped FUSE filesystem for LXC.
[[0;32m  OK  [0m] Stopped Session 7 of user vagrant.
[[0;32m  OK  [0m] Removed slice User Slice of vagrant.
         Stopping Login Service...
[[0;32m  OK  [0m] Removed slice system-getty.slice.
         Stopping Permit User Sessions...
[[0;32m  OK  [0m] Removed slice system-serial\x2dgetty.slice.
[[0;32m  OK  [0m] Stopped LXD - container startup/shutdown.
[[0;32m  OK  [0m] Stopped LSB: automatic crash report generation.
[[0;32m  OK  [0m] Stopped LSB: Record successful boot for GRUB.
[[0;32m  OK  [0m] Stopped Virtualbox guest utils.
[[0;32m  OK  [0m] Stopped Permit User Sessions.
[[0;32m  OK  [0m] Stopped target Network.
         Stopping Network Name Resolution...
[[0;32m  OK  [0m] Stopped target Remote File Systems.
[[0;32m  OK  [0m] Stopped target Remote File Systems (Pre).
[[0;32m  OK  [0m] Stopped Network Name Resolution.
         Stopping Network Service...
[[0;32m  OK  [0m] Stopped Login Service.
[[0;32m  OK  [0m] Stopped target Basic System.
[[0;32m  OK  [0m] Stopped target Paths.
[[0;32m  OK  [0m] Stopped ACPI Events Check.
[[0;32m  OK  [0m] Stopped target Sockets.
[[0;32m  OK  [0m] Closed ACPID Listen Socket.
[[0;32m  OK  [0m] Closed LXD - unix socket.
[[0;32m  OK  [0m] Closed Syslog Socket.
[[0;32m  OK  [0m] Closed Socket activation for snappy daemon.
[[0;32m  OK  [0m] Closed UUID daemon activation socket.
[[0;32m  OK  [0m] Closed Open-iSCSI iscsid Socket.
[[0;32m  OK  [0m] Stopped target Slices.
[[0;32m  OK  [0m] Removed slice User and Session Slice.
[[0;32m  OK  [0m] Stopped target User and Group Name Lookups.
[[0;32m  OK  [0m] Closed D-Bus System Message Bus Socket.
[[0;32m  OK  [0m] Stopped target System Initialization.
         Stopping Update UTMP about System Boot/Shutdown...
[[0;32m  OK  [0m] Stopped Initial cloud-init job (metadata service crawler).
[[0;32m  OK  [0m] Stopped target Local Encrypted Volumes.
[[0;32m  OK  [0m] Stopped Forward Password Requests to Wall Directory Watch.
[[0;32m  OK  [0m] Stopped Dispatch Password Requests to Console Directory Watch.
[[0;32m  OK  [0m] Stopped Commit a transient machine-id on disk.
         Stopping Load/Save Random Seed...
[[0;32m  OK  [0m] Stopped Network Service.
[[0;32m  OK  [0m] Stopped Load/Save Random Seed.
[[0;32m  OK  [0m] Stopped target Network (Pre).
[[0;32m  OK  [0m] Stopped Initial cloud-init job (pre-networking).
[[0;32m  OK  [0m] Stopped Apply Kernel Variables.
[[0;32m  OK  [0m] Stopped Load Kernel Modules.
[[0;32m  OK  [0m] Stopped Update UTMP about System Boot/Shutdown.
[[0;32m  OK  [0m] Stopped Create Volatile Files and Directories.
[[0;32m  OK  [0m] Stopped target Local File Systems.
         Unmounting /vagrant...
         Unmounting /run/user/1000...
[[0;32m  OK  [0m] Unmounted /vagrant.
[[0;32m  OK  [0m] Unmounted /run/user/1000.
[[0;32m  OK  [0m] Stopped target Swap.
[[0;32m  OK  [0m] Reached target Unmount All Filesystems.
[[0;32m  OK  [0m] Stopped target Local File Systems (Pre).
[[0;32m  OK  [0m] Stopped Remount Root and Kernel File Systems.
         Stopping Monitoring of LVM2 mirrorsâ€¦ng dmeventd or progress polling...
[[0;32m  OK  [0m] Stopped Create Static Device Nodes in /dev.
[[0;32m  OK  [0m] Reached target Shutdown.
[[0;32m  OK  [0m] Reached target Final Step.
         Starting Power-Off...
[  540.910397] reboot: Power down
