[    0.000000] Linux version 4.15.0-111-generic (buildd@lcy01-amd64-011) (gcc version 7.5.0 (Ubuntu 7.5.0-3ubuntu1~18.04)) #112-Ubuntu SMP Thu Jul 9 20:32:34 UTC 2020 (Ubuntu 4.15.0-111.112-generic 4.15.18)
[    0.000000] Command line: BOOT_IMAGE=/boot/vmlinuz-4.15.0-111-generic root=LABEL=cloudimg-rootfs ro console=tty1 console=ttyS0
[    0.000000] KERNEL supported cpus:
[    0.000000]   Intel GenuineIntel
[    0.000000]   AMD AuthenticAMD
[    0.000000]   Centaur CentaurHauls
[    0.000000] x86/fpu: Supporting XSAVE feature 0x001: 'x87 floating point registers'
[    0.000000] x86/fpu: Supporting XSAVE feature 0x002: 'SSE registers'
[    0.000000] x86/fpu: Supporting XSAVE feature 0x004: 'AVX registers'
[    0.000000] x86/fpu: xstate_offset[2]:  576, xstate_sizes[2]:  256
[    0.000000] x86/fpu: Enabled xstate features 0x7, context size is 832 bytes, using 'standard' format.
[    0.000000] e820: BIOS-provided physical RAM map:
[    0.000000] BIOS-e820: [mem 0x0000000000000000-0x000000000009fbff] usable
[    0.000000] BIOS-e820: [mem 0x000000000009fc00-0x000000000009ffff] reserved
[    0.000000] BIOS-e820: [mem 0x00000000000f0000-0x00000000000fffff] reserved
[    0.000000] BIOS-e820: [mem 0x0000000000100000-0x00000000dffeffff] usable
[    0.000000] BIOS-e820: [mem 0x00000000dfff0000-0x00000000dfffffff] ACPI data
[    0.000000] BIOS-e820: [mem 0x00000000fec00000-0x00000000fec00fff] reserved
[    0.000000] BIOS-e820: [mem 0x00000000fee00000-0x00000000fee00fff] reserved
[    0.000000] BIOS-e820: [mem 0x00000000fffc0000-0x00000000ffffffff] reserved
[    0.000000] BIOS-e820: [mem 0x0000000100000000-0x000000021fffffff] usable
[    0.000000] NX (Execute Disable) protection: active
[    0.000000] SMBIOS 2.5 present.
[    0.000000] DMI: innotek GmbH VirtualBox/VirtualBox, BIOS VirtualBox 12/01/2006
[    0.000000] Hypervisor detected: KVM
[    0.000000] e820: last_pfn = 0x220000 max_arch_pfn = 0x400000000
[    0.000000] MTRR: Disabled
[    0.000000] x86/PAT: MTRRs disabled, skipping PAT initialization too.
[    0.000000] CPU MTRRs all blank - virtualized system.
[    0.000000] x86/PAT: Configuration [0-7]: WB  WT  UC- UC  WB  WT  UC- UC  
[    0.000000] e820: last_pfn = 0xdfff0 max_arch_pfn = 0x400000000
[    0.000000] found SMP MP-table at [mem 0x0009fff0-0x0009ffff]
[    0.000000] Scanning 1 areas for low memory corruption
[    0.000000] RAMDISK: [mem 0x35a67000-0x36d2afff]
[    0.000000] ACPI: Early table checksum verification disabled
[    0.000000] ACPI: RSDP 0x00000000000E0000 000024 (v02 VBOX  )
[    0.000000] ACPI: XSDT 0x00000000DFFF0030 00003C (v01 VBOX   VBOXXSDT 00000001 ASL  00000061)
[    0.000000] ACPI: FACP 0x00000000DFFF00F0 0000F4 (v04 VBOX   VBOXFACP 00000001 ASL  00000061)
[    0.000000] ACPI: DSDT 0x00000000DFFF0470 002325 (v02 VBOX   VBOXBIOS 00000002 INTL 20100528)
[    0.000000] ACPI: FACS 0x00000000DFFF0200 000040
[    0.000000] ACPI: FACS 0x00000000DFFF0200 000040
[    0.000000] ACPI: APIC 0x00000000DFFF0240 00005C (v02 VBOX   VBOXAPIC 00000001 ASL  00000061)
[    0.000000] ACPI: SSDT 0x00000000DFFF02A0 0001CC (v01 VBOX   VBOXCPUT 00000002 INTL 20100528)
[    0.000000] No NUMA configuration found
[    0.000000] Faking a node at [mem 0x0000000000000000-0x000000021fffffff]
[    0.000000] NODE_DATA(0) allocated [mem 0x21ffd1000-0x21fffbfff]
[    0.000000] kvm-clock: cpu 0, msr 2:1ff50001, primary cpu clock
[    0.000000] kvm-clock: Using msrs 4b564d01 and 4b564d00
[    0.000000] kvm-clock: using sched offset of 3848305925 cycles
[    0.000000] clocksource: kvm-clock: mask: 0xffffffffffffffff max_cycles: 0x1cd42e4dffb, max_idle_ns: 881590591483 ns
[    0.000000] Zone ranges:
[    0.000000]   DMA      [mem 0x0000000000001000-0x0000000000ffffff]
[    0.000000]   DMA32    [mem 0x0000000001000000-0x00000000ffffffff]
[    0.000000]   Normal   [mem 0x0000000100000000-0x000000021fffffff]
[    0.000000]   Device   empty
[    0.000000] Movable zone start for each node
[    0.000000] Early memory node ranges
[    0.000000]   node   0: [mem 0x0000000000001000-0x000000000009efff]
[    0.000000]   node   0: [mem 0x0000000000100000-0x00000000dffeffff]
[    0.000000]   node   0: [mem 0x0000000100000000-0x000000021fffffff]
[    0.000000] Reserved but unavailable: 98 pages
[    0.000000] Initmem setup node 0 [mem 0x0000000000001000-0x000000021fffffff]
[    0.000000] ACPI: PM-Timer IO Port: 0x4008
[    0.000000] IOAPIC[0]: apic_id 2, version 32, address 0xfec00000, GSI 0-23
[    0.000000] ACPI: INT_SRC_OVR (bus 0 bus_irq 0 global_irq 2 dfl dfl)
[    0.000000] ACPI: INT_SRC_OVR (bus 0 bus_irq 9 global_irq 9 low level)
[    0.000000] Using ACPI (MADT) for SMP configuration information
[    0.000000] smpboot: Allowing 2 CPUs, 0 hotplug CPUs
[    0.000000] PM: Registered nosave memory: [mem 0x00000000-0x00000fff]
[    0.000000] PM: Registered nosave memory: [mem 0x0009f000-0x0009ffff]
[    0.000000] PM: Registered nosave memory: [mem 0x000a0000-0x000effff]
[    0.000000] PM: Registered nosave memory: [mem 0x000f0000-0x000fffff]
[    0.000000] PM: Registered nosave memory: [mem 0xdfff0000-0xdfffffff]
[    0.000000] PM: Registered nosave memory: [mem 0xe0000000-0xfebfffff]
[    0.000000] PM: Registered nosave memory: [mem 0xfec00000-0xfec00fff]
[    0.000000] PM: Registered nosave memory: [mem 0xfec01000-0xfedfffff]
[    0.000000] PM: Registered nosave memory: [mem 0xfee00000-0xfee00fff]
[    0.000000] PM: Registered nosave memory: [mem 0xfee01000-0xfffbffff]
[    0.000000] PM: Registered nosave memory: [mem 0xfffc0000-0xffffffff]
[    0.000000] e820: [mem 0xe0000000-0xfebfffff] available for PCI devices
[    0.000000] Booting paravirtualized kernel on KVM
[    0.000000] clocksource: refined-jiffies: mask: 0xffffffff max_cycles: 0xffffffff, max_idle_ns: 7645519600211568 ns
[    0.000000] random: get_random_bytes called from start_kernel+0x99/0x500 with crng_init=0
[    0.000000] setup_percpu: NR_CPUS:8192 nr_cpumask_bits:2 nr_cpu_ids:2 nr_node_ids:1
[    0.000000] percpu: Embedded 45 pages/cpu s147456 r8192 d28672 u1048576
[    0.000000] PV qspinlock hash table entries: 256 (order: 0, 4096 bytes)
[    0.000000] Built 1 zonelists, mobility grouping on.  Total pages: 2064249
[    0.000000] Policy zone: Normal
[    0.000000] Kernel command line: BOOT_IMAGE=/boot/vmlinuz-4.15.0-111-generic root=LABEL=cloudimg-rootfs ro console=tty1 console=ttyS0
[    0.000000] Memory: 8142412K/8388152K available (12300K kernel code, 2481K rwdata, 4272K rodata, 2436K init, 2720K bss, 245740K reserved, 0K cma-reserved)
[    0.000000] SLUB: HWalign=64, Order=0-3, MinObjects=0, CPUs=2, Nodes=1
[    0.000000] Kernel/User page tables isolation: enabled
[    0.000000] ftrace: allocating 39378 entries in 154 pages
[    0.004000] Hierarchical RCU implementation.
[    0.004000] 	RCU restricting CPUs from NR_CPUS=8192 to nr_cpu_ids=2.
[    0.004000] 	Tasks RCU enabled.
[    0.004000] RCU: Adjusting geometry for rcu_fanout_leaf=16, nr_cpu_ids=2
[    0.004000] NR_IRQS: 524544, nr_irqs: 440, preallocated irqs: 16
[    0.004000] Console: colour VGA+ 80x25
[    0.004000] console [tty1] enabled
[    0.004000] console [ttyS0] enabled
[    0.004000] ACPI: Core revision 20170831
[    0.004000] ACPI: 2 ACPI AML tables successfully acquired and loaded
[    0.004000] APIC: Switch to symmetric I/O mode setup
[    0.004000] x2apic enabled
[    0.004000] Switched APIC routing to physical x2apic.
[    0.004000] ..TIMER: vector=0x30 apic1=0 pin1=2 apic2=-1 pin2=-1
[    0.004005] tsc: Detected 2194.918 MHz processor
[    0.004981] Calibrating delay loop (skipped) preset value.. 4389.83 BogoMIPS (lpj=8779672)
[    0.005836] pid_max: default: 32768 minimum: 301
[    0.008028] Security Framework initialized
[    0.008938] Yama: becoming mindful.
[    0.009819] AppArmor: AppArmor initialized
[    0.017428] Dentry cache hash table entries: 1048576 (order: 11, 8388608 bytes)
[    0.021357] Inode-cache hash table entries: 524288 (order: 10, 4194304 bytes)
[    0.022921] Mount-cache hash table entries: 16384 (order: 5, 131072 bytes)
[    0.024014] Mountpoint-cache hash table entries: 16384 (order: 5, 131072 bytes)
[    0.025824] Last level iTLB entries: 4KB 1024, 2MB 1024, 4MB 1024
[    0.028002] Last level dTLB entries: 4KB 1024, 2MB 1024, 4MB 1024, 1GB 4
[    0.029488] Spectre V1 : Mitigation: usercopy/swapgs barriers and __user pointer sanitization
[    0.031584] Spectre V2 : Mitigation: Full generic retpoline
[    0.032002] Spectre V2 : Spectre v2 / SpectreRSB mitigation: Filling RSB on context switch
[    0.033653] Speculative Store Bypass: Vulnerable
[    0.034640] SRBDS: Unknown: Dependent on hypervisor status
[    0.036001] MDS: Mitigation: Clear CPU buffers
[    0.037348] Freeing SMP alternatives memory: 36K
[    0.149282] smpboot: CPU0: Intel(R) Core(TM) i7-4770HQ CPU @ 2.20GHz (family: 0x6, model: 0x46, stepping: 0x1)
[    0.151480] Performance Events: unsupported p6 CPU model 70 no PMU driver, software events only.
[    0.152000] Hierarchical SRCU implementation.
[    0.152623] NMI watchdog: Perf event create on CPU 0 failed with -2
[    0.153921] NMI watchdog: Perf NMI watchdog permanently disabled
[    0.156052] smp: Bringing up secondary CPUs ...
[    0.157115] x86: Booting SMP configuration:
[    0.158032] .... node  #0, CPUs:      #1
[    0.004000] kvm-clock: cpu 1, msr 2:1ff50041, secondary cpu clock
[    0.164022] smp: Brought up 1 node, 2 CPUs
[    0.164889] smpboot: Max logical packages: 1
[    0.165798] smpboot: Total of 2 processors activated (8779.67 BogoMIPS)
[    0.167638] devtmpfs: initialized
[    0.168060] x86/mm: Memory block size: 128MB
[    0.169765] evm: security.selinux
[    0.170544] evm: security.SMACK64
[    0.171276] evm: security.SMACK64EXEC
[    0.172003] evm: security.SMACK64TRANSMUTE
[    0.172885] evm: security.SMACK64MMAP
[    0.173695] evm: security.apparmor
[    0.174443] evm: security.ima
[    0.175111] evm: security.capability
[    0.176100] clocksource: jiffies: mask: 0xffffffff max_cycles: 0xffffffff, max_idle_ns: 7645041785100000 ns
[    0.178087] futex hash table entries: 512 (order: 3, 32768 bytes)
[    0.180064] pinctrl core: initialized pinctrl subsystem
[    0.181266] RTC time: 13:57:43, date: 08/05/20
[    0.182340] NET: Registered protocol family 16
[    0.183356] audit: initializing netlink subsys (disabled)
[    0.184050] audit: type=2000 audit(1596635869.210:1): state=initialized audit_enabled=0 res=1
[    0.185788] cpuidle: using governor ladder
[    0.185788] cpuidle: using governor menu
[    0.188040] ACPI: bus type PCI registered
[    0.188948] acpiphp: ACPI Hot Plug PCI Controller Driver version: 0.5
[    0.190496] PCI: Using configuration type 1 for base access
[    0.193005] HugeTLB registered 2.00 MiB page size, pre-allocated 0 pages
[    0.193463] ACPI: Added _OSI(Module Device)
[    0.196008] ACPI: Added _OSI(Processor Device)
[    0.196969] ACPI: Added _OSI(3.0 _SCP Extensions)
[    0.197966] ACPI: Added _OSI(Processor Aggregator Device)
[    0.199096] ACPI: Added _OSI(Linux-Dell-Video)
[    0.200003] ACPI: Added _OSI(Linux-Lenovo-NV-HDMI-Audio)
[    0.201113] ACPI: Added _OSI(Linux-HPI-Hybrid-Graphics)
[    0.202755] ACPI: Executed 1 blocks of module-level executable AML code
[    0.206960] ACPI: Interpreter enabled
[    0.208013] ACPI: (supports S0 S5)
[    0.208862] ACPI: Using IOAPIC for interrupt routing
[    0.210178] PCI: Using host bridge windows from ACPI; if necessary, use "pci=nocrs" and report a bug
[    0.212201] ACPI: Enabled 2 GPEs in block 00 to 07
[    0.220767] ACPI: PCI Root Bridge [PCI0] (domain 0000 [bus 00-ff])
[    0.222204] acpi PNP0A03:00: _OSC: OS supports [ASPM ClockPM Segments MSI]
[    0.224000] acpi PNP0A03:00: _OSC: not requesting OS control; OS requires [ExtendedConfig ASPM ClockPM MSI]
[    0.224013] acpi PNP0A03:00: fail to add MMCONFIG information, can't access extended PCI configuration space under this bridge.
[    0.228542] PCI host bridge to bus 0000:00
[    0.229424] pci_bus 0000:00: root bus resource [io  0x0000-0x0cf7 window]
[    0.232003] pci_bus 0000:00: root bus resource [io  0x0d00-0xffff window]
[    0.233561] pci_bus 0000:00: root bus resource [mem 0x000a0000-0x000bffff window]
[    0.236006] pci_bus 0000:00: root bus resource [mem 0xe0000000-0xfdffffff window]
[    0.237783] pci_bus 0000:00: root bus resource [bus 00-ff]
[    0.242858] pci 0000:00:01.1: legacy IDE quirk: reg 0x10: [io  0x01f0-0x01f7]
[    0.244003] pci 0000:00:01.1: legacy IDE quirk: reg 0x14: [io  0x03f6]
[    0.245345] pci 0000:00:01.1: legacy IDE quirk: reg 0x18: [io  0x0170-0x0177]
[    0.246931] pci 0000:00:01.1: legacy IDE quirk: reg 0x1c: [io  0x0376]
[    0.311528] pci 0000:00:07.0: quirk: [io  0x4000-0x403f] claimed by PIIX4 ACPI
[    0.312032] pci 0000:00:07.0: quirk: [io  0x4100-0x410f] claimed by PIIX4 SMB
[    0.356237] ACPI: PCI Interrupt Link [LNKA] (IRQs 5 9 10 *11)
[    0.358297] ACPI: PCI Interrupt Link [LNKB] (IRQs 5 9 *10 11)
[    0.359820] ACPI: PCI Interrupt Link [LNKC] (IRQs 5 *9 10 11)
[    0.360251] ACPI: PCI Interrupt Link [LNKD] (IRQs 5 9 10 *11)
[    0.364197] SCSI subsystem initialized
[    0.365270] pci 0000:00:02.0: vgaarb: setting as boot VGA device
[    0.365499] pci 0000:00:02.0: vgaarb: VGA device added: decodes=io+mem,owns=io+mem,locks=none
[    0.368006] pci 0000:00:02.0: vgaarb: bridge control possible
[    0.369820] vgaarb: loaded
[    0.370631] ACPI: bus type USB registered
[    0.372029] usbcore: registered new interface driver usbfs
[    0.373768] usbcore: registered new interface driver hub
[    0.376026] usbcore: registered new device driver usb
[    0.377797] EDAC MC: Ver: 3.0.0
[    0.380077] PCI: Using ACPI for IRQ routing
[    0.381971] NetLabel: Initializing
[    0.382941] NetLabel:  domain hash size = 128
[    0.384003] NetLabel:  protocols = UNLABELED CIPSOv4 CALIPSO
[    0.385593] NetLabel:  unlabeled traffic allowed by default
[    0.387259] clocksource: Switched to clocksource kvm-clock
[    0.401679] VFS: Disk quotas dquot_6.6.0
[    0.402581] VFS: Dquot-cache hash table entries: 512 (order 0, 4096 bytes)
[    0.404118] AppArmor: AppArmor Filesystem Enabled
[    0.405222] pnp: PnP ACPI init
[    0.407300] pnp: PnP ACPI: found 3 devices
[    0.419201] clocksource: acpi_pm: mask: 0xffffff max_cycles: 0xffffff, max_idle_ns: 2085701024 ns
[    0.421192] NET: Registered protocol family 2
[    0.422355] TCP established hash table entries: 65536 (order: 7, 524288 bytes)
[    0.424512] TCP bind hash table entries: 65536 (order: 8, 1048576 bytes)
[    0.427491] TCP: Hash tables configured (established 65536 bind 65536)
[    0.429042] UDP hash table entries: 4096 (order: 5, 131072 bytes)
[    0.430441] UDP-Lite hash table entries: 4096 (order: 5, 131072 bytes)
[    0.431998] NET: Registered protocol family 1
[    0.433343] pci 0000:00:00.0: Limiting direct PCI/PCI transfers
[    0.434724] pci 0000:00:01.0: Activating ISA DMA hang workarounds
[    0.436298] pci 0000:00:02.0: Video device with shadowed ROM at [mem 0x000c0000-0x000dffff]
[    0.438411] Unpacking initramfs...
[    0.703616] Freeing initrd memory: 19216K
[    0.704618] PCI-DMA: Using software bounce buffering for IO (SWIOTLB)
[    0.705970] software IO TLB: mapped [mem 0xdbff0000-0xdfff0000] (64MB)
[    0.707604] clocksource: tsc: mask: 0xffffffffffffffff max_cycles: 0x1fa37202099, max_idle_ns: 440795206796 ns
[    0.710232] platform rtc_cmos: registered platform RTC device (no PNP device found)
[    0.711920] Scanning for low memory corruption every 60 seconds
[    0.713991] Initialise system trusted keyrings
[    0.714923] Key type blacklist registered
[    0.715916] workingset: timestamp_bits=36 max_order=21 bucket_order=0
[    0.718770] zbud: loaded
[    0.719977] squashfs: version 4.0 (2009/01/31) Phillip Lougher
[    0.721978] fuse init (API version 7.26)
[    0.726694] Key type asymmetric registered
[    0.727740] Asymmetric key parser 'x509' registered
[    0.728852] Block layer SCSI generic (bsg) driver version 0.4 loaded (major 246)
[    0.730501] io scheduler noop registered
[    0.731530] io scheduler deadline registered
[    0.732641] io scheduler cfq registered (default)
[    0.734378] ACPI: AC Adapter [AC] (on-line)
[    0.735402] input: Power Button as /devices/LNXSYSTM:00/LNXPWRBN:00/input/input0
[    0.737144] ACPI: Power Button [PWRF]
[    0.738025] input: Sleep Button as /devices/LNXSYSTM:00/LNXSLPBN:00/input/input1
[    0.739586] ACPI: Sleep Button [SLPF]
[    0.741955] ACPI: Battery Slot [BAT0] (battery present)
[    0.743098] Serial: 8250/16550 driver, 32 ports, IRQ sharing enabled
[    0.765148] 00:02: ttyS0 at I/O 0x3f8 (irq = 4, base_baud = 115200) is a 16550A
[    0.771936] Linux agpgart interface v0.103
[    0.774394] loop: module loaded
[    0.775600] scsi host0: ata_piix
[    0.776703] scsi host1: ata_piix
[    0.777599] ata1: PATA max UDMA/33 cmd 0x1f0 ctl 0x3f6 bmdma 0xd000 irq 14
[    0.779001] ata2: PATA max UDMA/33 cmd 0x170 ctl 0x376 bmdma 0xd008 irq 15
[    0.780768] libphy: Fixed MDIO Bus: probed
[    0.781683] tun: Universal TUN/TAP device driver, 1.6
[    0.782853] PPP generic driver version 2.4.2
[    0.784054] ehci_hcd: USB 2.0 'Enhanced' Host Controller (EHCI) Driver
[    0.785408] ehci-pci: EHCI PCI platform driver
[    0.786548] ehci-platform: EHCI generic platform driver
[    0.787702] ohci_hcd: USB 1.1 'Open' Host Controller (OHCI) Driver
[    0.789175] ohci-pci: OHCI PCI platform driver
[    0.790350] ohci-platform: OHCI generic platform driver
[    0.791705] uhci_hcd: USB Universal Host Controller Interface driver
[    0.793413] i8042: PNP: PS/2 Controller [PNP0303:PS2K,PNP0f03:PS2M] at 0x60,0x64 irq 1,12
[    0.795640] serio: i8042 KBD port at 0x60,0x64 irq 1
[    0.797106] serio: i8042 AUX port at 0x60,0x64 irq 12
[    0.798385] mousedev: PS/2 mouse device common for all mice
[    0.800322] input: AT Translated Set 2 keyboard as /devices/platform/i8042/serio0/input/input2
[    0.802334] rtc_cmos rtc_cmos: rtc core: registered rtc_cmos as rtc0
[    0.803819] rtc_cmos rtc_cmos: alarms up to one day, 114 bytes nvram
[    0.805286] i2c /dev entries driver
[    0.806136] device-mapper: uevent: version 1.0.3
[    0.807291] device-mapper: ioctl: 4.37.0-ioctl (2017-09-20) initialised: dm-devel@redhat.com
[    0.809239] ledtrig-cpu: registered to indicate activity on CPUs
[    0.810980] NET: Registered protocol family 10
[    0.817833] Segment Routing with IPv6
[    0.818819] NET: Registered protocol family 17
[    0.819927] Key type dns_resolver registered
[    0.821176] mce: Using 0 MCE banks
[    0.821966] RAS: Correctable Errors collector initialized.
[    0.823102] sched_clock: Marking stable (821142824, 0)->(1143155675, -322012851)
[    0.825591] registered taskstats version 1
[    0.826844] Loading compiled-in X.509 certificates
[    0.829966] Loaded X.509 cert 'Build time autogenerated kernel key: e7f49a8350fc58df7a2fc42bf39ecd356db1ebb3'
[    0.832054] zswap: loaded using pool lzo/zbud
[    0.836889] Key type big_key registered
[    0.837790] Key type trusted registered
[    0.840284] Key type encrypted registered
[    0.841153] AppArmor: AppArmor sha1 policy hashing enabled
[    0.842280] ima: No TPM chip found, activating TPM-bypass! (rc=-19)
[    0.843580] ima: Allocated hash algorithm: sha1
[    0.844637] evm: HMAC attrs: 0x1
[    0.845664]   Magic number: 0:209:988
[    0.846555] machinecheck machinecheck1: hash matches
[    0.847711] rtc_cmos rtc_cmos: setting system clock to 2020-08-05 13:57:44 UTC (1596635864)
[    0.849884] BIOS EDD facility v0.16 2004-Jun-25, 0 devices found
[    0.851235] EDD information not available.
[    0.965634] Freeing unused kernel image memory: 2436K
[    1.796362] Write protecting the kernel read-only data: 20480k
[    1.798606] Freeing unused kernel image memory: 2008K
[    1.800299] Freeing unused kernel image memory: 1872K
[    1.807001] x86/mm: Checked W+X mappings: passed, no W+X pages found.
[    1.808442] x86/mm: Checking user space page tables
[    1.814777] x86/mm: Checked W+X mappings: passed, no W+X pages found.
Loading, please wait...
starting version 237
[    1.886689] e1000: Intel(R) PRO/1000 Network Driver - version 7.3.21-k8-NAPI
[    1.888321] e1000: Copyright (c) 1999-2006 Intel Corporation.
[    1.895944] Fusion MPT base driver 3.04.20
[    1.897090] Copyright (c) 1999-2008 LSI Corporation
[    1.903690] Fusion MPT SPI Host driver 3.04.20
[    1.906921] AVX2 version of gcm_enc/dec engaged.
[    1.908022] AES CTR mode by8 optimization enabled
[    2.105491] input: ImExPS/2 Generic Explorer Mouse as /devices/platform/i8042/serio1/input/input4
[    2.303261] e1000 0000:00:03.0 eth0: (PCI:33MHz:32-bit) 02:27:36:10:00:0e
[    2.304943] e1000 0000:00:03.0 eth0: Intel(R) PRO/1000 Network Connection
[    2.307447] mptbase: ioc0: Initiating bringup
[    2.404463] ioc0: LSI53C1030 A0: Capabilities={Initiator}
[    2.648310] scsi host2: ioc0: LSI53C1030 A0, FwRev=00000000h, Ports=1, MaxQ=256, IRQ=20
[    2.817277] scsi 2:0:0:0: Direct-Access     VBOX     HARDDISK         1.0  PQ: 0 ANSI: 5
[    2.852353] scsi target2:0:0: Beginning Domain Validation
[    2.894500] scsi target2:0:0: Domain Validation skipping write tests
[    2.895968] scsi target2:0:0: Ending Domain Validation
[    2.897449] scsi target2:0:0: asynchronous
[    2.917363] scsi 2:0:1:0: Direct-Access     VBOX     HARDDISK         1.0  PQ: 0 ANSI: 5
[    3.188067] scsi target2:0:1: Beginning Domain Validation
[    3.191850] random: fast init done
[    3.193396] scsi target2:0:1: Domain Validation skipping write tests
[    3.194886] scsi target2:0:1: Ending Domain Validation
[    3.196202] scsi target2:0:1: asynchronous
[    3.204305] random: systemd-udevd: uninitialized urandom read (16 bytes read)
[    3.205985] random: systemd-udevd: uninitialized urandom read (16 bytes read)
[    3.205986] sd 2:0:0:0: Attached scsi generic sg0 type 0
[    3.208924] random: systemd-udevd: uninitialized urandom read (16 bytes read)
[    3.210469] sd 2:0:0:0: [sda] 20971520 512-byte logical blocks: (10.7 GB/10.0 GiB)
[    3.210802] sd 2:0:1:0: Attached scsi generic sg1 type 0
[    3.213391] sd 2:0:0:0: [sda] Write Protect is off
[    3.214452] sd 2:0:1:0: [sdb] 20480 512-byte logical blocks: (10.5 MB/10.0 MiB)
[    3.214590] sd 2:0:0:0: [sda] Incomplete mode parameter data
[    3.217874] sd 2:0:0:0: [sda] Assuming drive cache: write through
[    3.219187] sd 2:0:1:0: [sdb] Write Protect is off
[    3.220421] sd 2:0:1:0: [sdb] Incomplete mode parameter data
[    3.221935] sd 2:0:1:0: [sdb] Assuming drive cache: write through
[    3.224438]  sda: sda1
[    3.225733] sd 2:0:1:0: [sdb] Attached SCSI disk
[    3.227210] sd 2:0:0:0: [sda] Attached SCSI disk
[    3.231244] e1000 0000:00:08.0 eth1: (PCI:33MHz:32-bit) 08:00:27:db:22:9f
[    3.232840] e1000 0000:00:08.0 eth1: Intel(R) PRO/1000 Network Connection
[    3.237577] e1000 0000:00:08.0 enp0s8: renamed from eth1
[    3.253370] e1000 0000:00:03.0 enp0s3: renamed from eth0
Begin: Loading essential drivers ... [    4.676833] raid6: sse2x1   gen() 11055 MB/s
[    4.724485] raid6: sse2x1   xor()  7493 MB/s
[    4.772239] raid6: sse2x2   gen() 11978 MB/s
[    4.821608] raid6: sse2x2   xor()  8441 MB/s
[    4.868335] raid6: sse2x4   gen() 15054 MB/s
[    4.916377] raid6: sse2x4   xor()  9223 MB/s
[    4.966548] raid6: avx2x1   gen() 21680 MB/s
[    5.015754] raid6: avx2x1   xor() 15793 MB/s
[    5.066848] raid6: avx2x2   gen() 25703 MB/s
[    5.115755] raid6: avx2x2   xor() 16526 MB/s
[    5.164367] raid6: avx2x4   gen() 28006 MB/s
[    5.212235] raid6: avx2x4   xor() 16076 MB/s
[    5.213255] raid6: using algorithm avx2x4 gen() 28006 MB/s
[    5.214530] raid6: .... xor() 16076 MB/s, rmw enabled
[    5.215621] raid6: using avx2x2 recovery algorithm
[    5.218318] xor: automatically using best checksumming function   avx       
[    5.221323] async_tx: api initialized (async)
done.
Begin: Running /scripts/init-premount ... done.
Begin: Mounting root file system ... Begin: Running /scripts/local-top ... done.
Begin: Running /scripts/local-premount ... [    5.269733] Btrfs loaded, crc32c=crc32c-intel
Scanning for Btrfs filesystems
done.
Warning: fsck not present, so skipping root file system
[    5.297258] EXT4-fs (sda1): mounted filesystem with ordered data mode. Opts: (null)
done.
Begin: Running /scripts/local-bottom ... done.
Begin: Running /scripts/init-bottom ... done.
[    5.426877] ip_tables: (C) 2000-2006 Netfilter Core Team
[    5.435034] systemd[1]: systemd 237 running in system mode. (+PAM +AUDIT +SELINUX +IMA +APPARMOR +SMACK +SYSVINIT +UTMP +LIBCRYPTSETUP +GCRYPT +GNUTLS +ACL +XZ +LZ4 +SECCOMP +BLKID +ELFUTILS +KMOD -IDN2 +IDN -PCRE2 default-hierarchy=hybrid)
[    5.439706] systemd[1]: Detected virtualization oracle.
[    5.440939] systemd[1]: Detected architecture x86-64.

Welcome to [1mUbuntu 18.04.4 LTS[0m!

[    5.447153] systemd[1]: Set hostname to <ubuntu>.
[    5.450575] systemd[1]: Initializing machine ID from random generator.
[    5.452007] systemd[1]: Installed transient /etc/machine-id file.
[    5.640340] systemd[1]: Started Forward Password Requests to Wall Directory Watch.
[[0;32m  OK  [0m] Started Forward Password Requests to Wall Directory Watch.
[    5.644825] systemd[1]: Created slice System Slice.
[[0;32m  OK  [0m] Created slice System Slice.
[    5.646858] systemd[1]: Listening on Device-mapper event daemon FIFOs.
[[0;32m  OK  [0m] Listening on Device-mapper event daemon FIFOs.
[    5.649267] systemd[1]: Listening on Journal Socket (/dev/log).
[[0;32m  OK  [0m] Listening on Journal Socket (/dev/log).
[[0;32m  OK  [0m] Listening on udev Kernel Socket.
[[0;32m  OK  [0m] Listening on Journal Audit Socket.
[[0;32m  OK  [0m] Listening on LVM2 poll daemon socket.
[[0;32m  OK  [0m] Set up automount Arbitrary Executabâ€¦rmats File System Automount Point.
[[0;32m  OK  [0m] Created slice system-serial\x2dgetty.slice.
[[0;32m  OK  [0m] Created slice User and Session Slice.
[[0;32m  OK  [0m] Listening on Journal Socket.
         Starting Uncomplicated firewall...
         Mounting POSIX Message Queue File System...
         Starting Remount Root and Kernel File Systems...
         Starting Create list of required stâ€¦ce nodes for the current kernel...
         Starting Set the console keyboard layout...
[[0;32m  OK  [0m] Listening on Syslog Socket.
[[0;32m  OK  [0m] Reached target Swap.
[[0;32m  OK  [0m] Reached target User and Group Name Lookups.
[[0;32m  OK  [0m] Listening on udev Control Socket.
[[0;32m  OK  [0m] Listening on Network Service Netlink Socket.
[[0;32m  OK  [0m] Listening on /dev/initctl Compatibility Named Pipe.
[    5.769779] EXT4-fs (sda1): re-mounted. Opts: (null)
         Starting Load Kernel Modules...
         Starting Journal Service...
[    5.802405] Loading iSCSI transport class v2.0-870.
[[0;32m  OK  [0m] Reached target System Time Synchronized.
         Mounting Huge Pages File System...
         Mounting Kernel Debug File System...
[[0;32m  OK  [0m] Listening on LVM2 metadata daemon socket.
         Starting Monitoring of LVM2 mirrorsâ€¦ng dmeventd or progress polling...
         Starting udev Coldplug all Devices...
[    5.829254] iscsi: registered transport (tcp)
[[0;32m  OK  [0m] Reached target Slices.
[[0;32m  OK  [0m] Started Uncomplicated firewall.
[[0;32m  OK  [0m] Mounted POSIX Message Queue File System.
[[0;32m  OK  [0m] Started Remount Root and Kernel File Systems.
[[0;32m  OK  [0m] Started Create list of required staâ€¦vice nodes for the current kernel.
[[0;32m  OK  [0m] Mounted Huge Pages File System.
[[0;32m  OK  [0m] Mounted Kernel Debug File System.
         Starting Create Static Device Nodes in /dev...
         Starting Load/Save Random Seed...
[    5.855970] iscsi: registered transport (iser)
[[0;32m  OK  [0m] Started Journal Service.
[[0;32m  OK  [0m] Started Load Kernel Modules.
[[0;32m  OK  [0m] Started Create Static Device Nodes in /dev.
[[0;32m  OK  [0m] Started Load/Save Random Seed.
[[0;32m  OK  [0m] Started LVM2 metadata daemon.
         Starting udev Kernel Device Manager...
         Mounting FUSE Control File System...
         Starting Apply Kernel Variables...
         Mounting Kernel Configuration File System...
         Starting Flush Journal to Persistent Storage...
[[0;32m  OK  [0m] Mounted FUSE Control File System.
[[0;32m  OK  [0m] Started Monitoring of LVM2 mirrors,â€¦sing dmeventd or progress polling.
[[0;32m  OK  [0m] Mounted Kernel Configuration File System.
[[0;32m  OK  [0m] Started udev Coldplug all Devices.
[[0;32m  OK  [0m] Started udev Kernel Device Manager.
[[0;32m  OK  [0m] Started Apply Kernel Variables.
[[0;32m  OK  [0m] Started Set the console keyboard layout.
[[0;32m  OK  [0m] Reached target Local File Systems (Pre).
[[0;32m  OK  [0m] Reached target Local File Systems.
         Starting Tell Plymouth To Write Out Runtime Data...
         Starting Set console font and keymap...
         Starting Commit a transient machine-id on disk...
         Starting AppArmor initialization...
         Starting ebtables ruleset management...
[[0;32m  OK  [0m] Started Dispatch Password Requests to Console Directory Watch.
[[0;32m  OK  [0m] Reached target Local Encrypted Volumes.
[[0;32m  OK  [0m] Started Flush Journal to Persistent Storage.
         Starting Create Volatile Files and Directories...
[[0;32m  OK  [0m] Started Tell Plymouth To Write Out Runtime Data.
[[0;32m  OK  [0m] Started Set console font and keymap.
[[0;32m  OK  [0m] Started Commit a transient machine-id on disk.
[[0;32m  OK  [0m] Started Create Volatile Files and Directories.
         Starting Update UTMP about System Boot/Shutdown...
[[0;32m  OK  [0m] Started Update UTMP about System Boot/Shutdown.
[[0;32m  OK  [0m] Started ebtables ruleset management.
[[0;32m  OK  [0m] Found device /dev/ttyS0.
[[0;32m  OK  [0m] Listening on Load/Save RF Kill Switch Status /dev/rfkill Watch.
[[0;32m  OK  [0m] Started AppArmor initialization.
         Starting Initial cloud-init job (pre-networking)...
         Starting Load AppArmor profiles managed internally by snapd...
[[0;32m  OK  [0m] Started Load AppArmor profiles managed internally by snapd.
[    7.875495] cloud-init[550]: Cloud-init v. 20.2-45-g5f7825e2-0ubuntu1~18.04.1 running 'init-local' at Wed, 05 Aug 2020 13:57:51 +0000. Up 7.54 seconds.
[[0;32m  OK  [0m] Started Initial cloud-init job (pre-networking).
[[0;32m  OK  [0m] Reached target Network (Pre).
         Starting Network Service...
[[0;32m  OK  [0m] Started Network Service.
         Starting Network Name Resolution...
         Starting Wait for Network to be Configured...
[[0;32m  OK  [0m] Started Network Name Resolution.
[[0;32m  OK  [0m] Reached target Host and Network Name Lookups.
[[0;32m  OK  [0m] Reached target Network.
[[0;32m  OK  [0m] Started Wait for Network to be Configured.
         Starting Initial cloud-init job (metadata service crawler)...
[    9.478687] cloud-init[687]: Cloud-init v. 20.2-45-g5f7825e2-0ubuntu1~18.04.1 running 'init' at Wed, 05 Aug 2020 13:57:53 +0000. Up 9.35 seconds.
[    9.480701] cloud-init[687]: ci-info: +++++++++++++++++++++++++++++++++++++Net device info+++++++++++++++++++++++++++++++++++++
[    9.482267] cloud-init[687]: ci-info: +--------+-------+-------------------------+---------------+--------+-------------------+
[    9.484050] cloud-init[687]: ci-info: | Device |   Up  |         Address         |      Mask     | Scope  |     Hw-Address    |
[    9.486030] cloud-init[687]: ci-info: +--------+-------+-------------------------+---------------+--------+-------------------+
[    9.487703] cloud-init[687]: ci-info: | enp0s3 |  True |        10.0.2.15        | 255.255.255.0 | global | 02:27:36:10:00:0e |
[    9.500381] cloud-init[687]: ci-info: | enp0s3 |  True | fe80::27:36ff:fe10:e/64 |       .       |  link  | 02:27:36:10:00:0e |
[    9.502241] cloud-init[687]: ci-info: | enp0s8 | False |            .            |       .       |   .    | 08:00:27:db:22:9f |
[    9.504196] cloud-init[687]: ci-info: |   lo   |  True |        127.0.0.1        |   255.0.0.0   |  host  |         .         |
[    9.516510] cloud-init[687]: ci-info: |   lo   |  True |         ::1/128         |       .       |  host  |         .         |
[    9.518227] cloud-init[687]: ci-info: +--------+-------+-------------------------+---------------+--------+-------------------+
[    9.520153] cloud-init[687]: ci-info: ++++++++++++++++++++++++++++Route IPv4 info+++++++++++++++++++++++++++++
[    9.521645] cloud-init[687]: ci-info: +-------+-------------+----------+-----------------+-----------+-------+
[    9.523114] cloud-init[687]: ci-info: | Route | Destination | Gateway  |     Genmask     | Interface | Flags |
[    9.536383] cloud-init[687]: ci-info: +-------+-------------+----------+-----------------+-----------+-------+
[    9.537845] cloud-init[687]: ci-info: |   0   |   0.0.0.0   | 10.0.2.2 |     0.0.0.0     |   enp0s3  |   UG  |
[    9.548238] cloud-init[687]: ci-info: |   1   |   10.0.2.0  | 0.0.0.0  |  255.255.255.0  |   enp0s3  |   U   |
[    9.560219] cloud-init[687]: ci-info: |   2   |   10.0.2.2  | 0.0.0.0  | 255.255.255.255 |   enp0s3  |   UH  |
[    9.561931] cloud-init[687]: ci-info: +-------+-------------+----------+-----------------+-----------+-------+
[    9.572236] cloud-init[687]: ci-info: +++++++++++++++++++Route IPv6 info+++++++++++++++++++
[    9.573578] cloud-init[687]: ci-info: +-------+-------------+---------+-----------+-------+
[    9.574880] cloud-init[687]: ci-info: | Route | Destination | Gateway | Interface | Flags |
[    9.576416] cloud-init[687]: ci-info: +-------+-------------+---------+-----------+-------+
[    9.577983] cloud-init[687]: ci-info: |   1   |  fe80::/64  |    ::   |   enp0s3  |   U   |
[    9.579504] cloud-init[687]: ci-info: |   3   |    local    |    ::   |   enp0s3  |   U   |
[    9.580914] cloud-init[687]: ci-info: |   4   |   ff00::/8  |    ::   |   enp0s3  |   U   |
[    9.582074] cloud-init[687]: ci-info: +-------+-------------+---------+-----------+-------+
[   10.058065] cloud-init[687]: Generating public/private rsa key pair.
[   10.059004] cloud-init[687]: Your identification has been saved in /etc/ssh/ssh_host_rsa_key.
[   10.072486] cloud-init[687]: Your public key has been saved in /etc/ssh/ssh_host_rsa_key.pub.
[   10.073767] cloud-init[687]: The key fingerprint is:
[   10.074614] cloud-init[687]: SHA256:fDS7Y4giQWzlJv47fifnvH2ZANiNCd3DG1lxUz55Q4M root@ubuntu-bionic
[   10.076077] cloud-init[687]: The key's randomart image is:
[   10.077064] cloud-init[687]: +---[RSA 2048]----+
[   10.088375] cloud-init[687]: |    .  . o oo.++.|
[   10.089117] cloud-init[687]: | . o  . . *  E.oo|
[   10.100370] cloud-init[687]: |  = o  + +o+   +o|
[   10.112228] cloud-init[687]: | + o  ..=.oo    +|
[   10.112850] cloud-init[687]: |  o     S.o      |
[   10.113647] cloud-init[687]: |   o   . o..     |
[   10.114493] cloud-init[687]: |  . o . . +. o   |
[   10.124302] cloud-init[687]: |   ..oo.oo .+    |
[   10.124953] cloud-init[687]: |   .oo =+...     |
[   10.125814] cloud-init[687]: +----[SHA256]-----+
[   10.126775] cloud-init[687]: Generating public/private dsa key pair.
[[0;32m  OK  [0m] Started Initial cloud-init job (metadata service crawler).
[[0;32m  OK  [0m] Reached target System Initialization.
[[0;32m  OK  [0m] Listening on D-Bus System Message Bus Socket.
[   10.142481] cloud-init[687]: Your identification has been saved in /etc/ssh/ssh_host_dsa_key.
[[0;32m  OK  [0m] Listening on Open-iSCSI iscsid Socket.
[[0;32m  OK  [0m] Started Message of the Day.
[[0;32m  OK  [0m] Listening on UUID daemon activation socket.
[   10.158640]          Starting LXD - unix socket.
         Starting Socket activation for snappy daemon.
[[0;32m  OK  [0m] Started Discard unused blocks once a week.
[[0;32m  OK  [0m] Listening on ACPID Listen Socket.
[[0;32m  OK  [0m] Started ACPI Events Check.
[[0;32m  OK  [0m] Reached target Paths.
[[0;32m  OK  [0m] Started Daily apt download activities.
[[0;32m  OK  [0m] Started Daily apt upgrade and clean activities.
[[0;32m  OK  [0m] Started Daily Cleanup of Temporary Directories.
[[0;32m  OK  [0m] Reached target Timers.
[[0;32m  OK  [0m] Reached target Cloud-config availability.
[[0;32m  OK  [0m] Reached target Network is Online.
cloud-init[687]: Your public key has been saved in /etc/ssh/ssh_host_dsa_key.pub.
[   10.182748] cloud-init[687]: The key fingerprint is:
         Starting Availability of block devices...
[[0;32m  OK  [0m] Reached target Remote File Systems (Pre).
[[0;32m  OK  [0m] Reached target Remote File Systems.
[   10.186728] cloud-init[[0;32m  OK  [0m] Listening on LXD - unix socket.
[[0;32m  OK  [0m] Listening on Socket activation for snappy daemon.
[[0;32m  OK  [0m] Started Availability of block devices.
[[0;32m  OK  [0m] Reached target Sockets.
[[0;32m  OK  [0m] Reached target Basic System.
         Starting System Logging Service...
[687]:          Starting Accounts Service...
SHA256:guupTCS3s7ihYccB+ths45+G9CYiX8kw7IeH8eqWUIU root@ubuntu-bionic         Starting LSB: Record successful boot for GRUB...

[   10.210872] cloud-init[687]: The key's randomart image is:
[   10.215633] cloud-init[687]: +---[DSA 1024]----+
[   10.220448] cloud-init[687]: |   .             |
[   10.221554] cloud-init[687]: |  E .            |
[   10.222813] cloud-init[687]: | . .             |
[   10.224748] [[0;32m  OK  [0m] Started irqbalance daemon.
[[0;32m  OK  [0m] Started FUSE filesystem for LXC.
         Starting Pollinate to seed the pseudo random number generator...
[[0;32m  OK  [0m] Started D-Bus System Message Bus.
cloud-init[687]: |..o  .           |
[   10.235056] cloud-init[687]: |o.B.. . S        |
[   10.242743] cloud-init[687]: |.XoX.o .         |
[   10.247728] cloud-init[687]: |++&*O            |
[   10.249389] cloud-init[687]: |=O*X+o           |
[   10.255157] cloud-init[687]: |=*O*=            |
[   10.258174] cloud-init[687]: +----[SHA256]-----+
[   10.261599] cloud-init[687]: Generating public/private ecdsa key pair.
[   10.263258] cloud-init[687]: Your identification has been saved in /etc/ssh/ssh_host_ecdsa_key.
[   10.270918] cloud-init[687]: Your public key has been saved in /etc/ssh/ssh_host_ecdsa_key.pub.
[   10.273440] cloud-init[687]: The key fingerprint is:
[   10.275021] cloud-init[687]: SHA256:ePmFmEYQ4lAXzr6Ejk5LjJj7kctUXTtJrOUR3sP7Lf4 root@ubuntu-bionic
[   10.278268] cloud-init[687]: The key's randomart image is:
[   10.281654] cloud-init[687]: +---[ECDSA 256]---+
[   10.283754] cloud-init[687]: |  ..o =o.        |
[   10.287923] cloud-init[687]: |   o = + +       |
[   10.290640] cloud-init[687]: |    . o O +      |
[   10.292445] cloud-init[687]: |     + O B +     |
[[0;32m  OK  [0m] Started Deferred execution scheduler.
         Starting Permit User Sessions...
         Starting Virtualbox guest utils...
[   10.299861] cloud-init[687]: |    o * S o .    |
[   10.302143] cloud-init[687]: |.+ = . + o o .   |
         Starting Login Service...
[   10.312841] cloud-init[687]: |+ O . .   . o .  |
[   10.319593] cloud-init[687]: | B +       . .   |
[   10.321167] cloud-init[687]: |..*         ..E  |
[   10.322728] cloud-init[687]: +----[SHA256]-----+
[   10.324092] cloud-init[687]: Generating public/private ed25519 key pair.
[   10.327928] cloud-init[687]: Your identification has been saved in /etc/ssh/ssh_host_ed25519_key.
[[0;32m  OK  [0m] Started Regular background program processing daemon.
         Starting LSB: automatic crash report generation...
[   10.341550]          Starting Dispatcher daemon for systemd-networkd...
         Starting Snap Daemon...
         Starting LXD - container startup/shutdown...
cloud-init[687]: Your public key has been saved in /etc/ssh/ssh_host_ed25519_key.pub.
[   10.350446] cloud-init[687]: The key fingerprint is:
[   10.351488] cloud-init[687]: SHA256:0601dDcroxP1qo/AfJrajALzQtBYQVKNr4LaejLU4O8 root@ubuntu-bionic
[[0;32m  OK  [0m] Started System Logging Service.
[[0;32m  OK  [0m] Started Permit User Sessions.
[   10.361047] cloud-init[687]: The key's randomart image is:
[   10.367570] cloud-init[687]: +--[ED25519 256]--+
[   10.368243] cloud-init[687]: | .o++            |
[   10.369036] cloud-init[687]: |  .o .           |
[   10.369628] cloud-init[687]: |  + .       .....|
[   10.370350] cloud-init[687]: | + . .   . o....o|
[   10.371065] cloud-init[687]: |o + .   S ..+o o |
[   10.380260] cloud-init[687]: |.+ *    o. oo.+  |
[   10.392210] cloud-init[687]: |o.+ +    +.+ .   |
[   10.392966] cloud-init[687]: |+ oo o  + = +    |
[   10.394779] cloud-init[687]: |.=.E. .o.= o..   |
[   10.395734] cloud-init[687]: +----[SHA256]-----+
[[0;32m  OK  [0m] Started Login Service.
[[0;32m  OK  [0m] Started Unattended Upgrades Shutdown.
         Starting Authorization Manager...
         Starting Hold until boot process finishes up...
         Starting Terminate Plymouth Boot Screen...
[[0;32m  OK  [0m] Started Hold until boot process finishes up.
[[0;32m  OK  [0m] Started Serial Getty on ttyS0.
         Starting Set console scheme...
[[0;32m  OK  [0m] Started Terminate Plymouth Boot Screen.
[[0;32m  OK  [0m] Started Authorization Manager.
[[0;32m  OK  [0m] Started Accounts Service.
[[0;32m  OK  [0m] Started Set console scheme.
[[0;32m  OK  [0m] Created slice system-getty.slice.
[[0;32m  OK  [0m] Started Getty on tty1.
[[0;32m  OK  [0m] Reached target Login Prompts.
[[0;32m  OK  [0m] Started LXD - container startup/shutdown.
[[0;32m  OK  [0m] Started LSB: Record successful boot for GRUB.
[[0;32m  OK  [0m] Started LSB: automatic crash report generation.
[[0;32m  OK  [0m] Started Dispatcher daemon for systemd-networkd.
[[0;32m  OK  [0m] Started Virtualbox guest utils.
[[0;32m  OK  [0m] Started Snap Daemon.
         Starting Wait until snapd is fully seeded...
[[0;32m  OK  [0m] Started Pollinate to seed the pseudo random number generator.
         Starting OpenBSD Secure Shell server...
[[0;32m  OK  [0m] Started OpenBSD Secure Shell server.
[[0;32m  OK  [0m] Created slice User Slice of vagrant.
         Starting User Manager for UID 1000...
[[0;32m  OK  [0m] Started Session 1 of user vagrant.
[[0;32m  OK  [0m] Started User Manager for UID 1000.

Ubuntu 18.04.4 LTS ubuntu-bionic ttyS0

ubuntu-bionic login: [   16.485139] cloud-init[1335]: Cloud-init v. 20.2-45-g5f7825e2-0ubuntu1~18.04.1 running 'modules:config' at Wed, 05 Aug 2020 13:57:59 +0000. Up 16.10 seconds.
ci-info: no authorized SSH keys fingerprints found for user ubuntu.
<14>Aug  5 13:58:00 ec2: 
<14>Aug  5 13:58:00 ec2: #############################################################
<14>Aug  5 13:58:00 ec2: -----BEGIN SSH HOST KEY FINGERPRINTS-----
<14>Aug  5 13:58:00 ec2: 1024 SHA256:guupTCS3s7ihYccB+ths45+G9CYiX8kw7IeH8eqWUIU root@ubuntu-bionic (DSA)
<14>Aug  5 13:58:00 ec2: 256 SHA256:ePmFmEYQ4lAXzr6Ejk5LjJj7kctUXTtJrOUR3sP7Lf4 root@ubuntu-bionic (ECDSA)
<14>Aug  5 13:58:00 ec2: 256 SHA256:0601dDcroxP1qo/AfJrajALzQtBYQVKNr4LaejLU4O8 root@ubuntu-bionic (ED25519)
<14>Aug  5 13:58:00 ec2: 2048 SHA256:fDS7Y4giQWzlJv47fifnvH2ZANiNCd3DG1lxUz55Q4M root@ubuntu-bionic (RSA)
<14>Aug  5 13:58:00 ec2: -----END SSH HOST KEY FINGERPRINTS-----
<14>Aug  5 13:58:00 ec2: #############################################################
-----BEGIN SSH HOST KEY KEYS-----
ecdsa-sha2-nistp256 AAAAE2VjZHNhLXNoYTItbmlzdHAyNTYAAAAIbmlzdHAyNTYAAABBBNEgTVtatJUT7TC0Lrb8WE2OootJGHW1RD+xhpQgePPH637+lmiYvKhVLsDT1MwLRBKoNwMv/raiRBhYqPbJpJg= root@ubuntu-bionic
ssh-ed25519 AAAAC3NzaC1lZDI1NTE5AAAAIKQm/3jm7mIPLCnwyIKtWgAqp5abfV/S/MLXOOd/Rh6D root@ubuntu-bionic
ssh-rsa AAAAB3NzaC1yc2EAAAADAQABAAABAQDGdqUSwkqSiZpob2GPa84G/GNdcTsVcuyPqvASQizkXW/2A72KZDGvLJoEGQQDl9KuurKhrbmMeXSNryfig23Chs6ZeBdL2fUAm+fRGJTFd00lX245FGCzCGkf2PjFDskPEmYHS9P2mCdcL2d+lbx7HJc7ENu/03SbTIRuVr29m1qPa5GiAqG9FJRcLGx6P69c64vO4LOwHMkgU8RMeWYtNxZRJudSFVrOtK25V1YHJfYvZbjlEX1qV9iXmlq51Xl6u11lol4Owlgv6aNOzQnDJ7c8yf7PEnwCSkB9ffEcT54Nfx/Qxox/aseZlazGB9bOxUF9HTH+8NZ0lj1bSZpX root@ubuntu-bionic
-----END SSH HOST KEY KEYS-----
[   17.086882] cloud-init[1500]: Cloud-init v. 20.2-45-g5f7825e2-0ubuntu1~18.04.1 running 'modules:final' at Wed, 05 Aug 2020 13:58:00 +0000. Up 16.92 seconds.
[   17.086988] cloud-init[1500]: ci-info: no authorized SSH keys fingerprints found for user ubuntu.
[   17.087179] cloud-init[1500]: Cloud-init v. 20.2-45-g5f7825e2-0ubuntu1~18.04.1 finished at Wed, 05 Aug 2020 13:58:00 +0000. Datasource DataSourceNoCloud [seed=/dev/sdb][dsmode=net].  Up 17.08 seconds
         Stopping Session 16 of user vagrant.
         Stopping Authorization Manager...
[[0;32m  OK  [0m] Stopped target Cloud-init target.
[[0;32m  OK  [0m] Stopped target RPC Port Mapper.
[[0;32m  OK  [0m] Closed Load/Save RF Kill Switch Status /dev/rfkill Watch.
         Stopping User Manager for UID 1000...
         Stopping Availability of block devices...
[[0;32m  OK  [0m] Stopped target Graphical Interface.
         Stopping Accounts Service...
[[0;32m  OK  [0m] Stopped Execute cloud user/final scripts.
[[0;32m  OK  [0m] Stopped Apply the settings specified in cloud-config.
[[0;32m  OK  [0m] Stopped target Cloud-config availability.
[[0;32m  OK  [0m] Stopped target Multi-User System.
         Stopping Dispatcher daemon for systemd-networkd...
         Stopping LSB: Record successful boot for GRUB...
         Stopping FUSE filesystem for LXC...
[[0;32m  OK  [0m] Stopped Wait until snapd is fully seeded.
         Stopping LSB: ipvsadm daemon...
         Stopping MySQL Community Server...
         Stopping irqbalance daemon...
         Stopping Samba SMB Daemon...
         Stopping The Apache HTTP Server...
         Stopping memcached daemon...
         Stopping Deferred execution scheduler...
         Stopping RabbitMQ Messaging Server...
         Stopping HAProxy Load Balancer...
         Stopping LSB: Start/stop uWSGI server instance(s)...
         Stopping LSB: automatic crash report generation...
         Stopping Conntrack Daemon...
         Stopping Devstack devstack@dstat.service...
         Stopping Regular background program processing daemon...
         Stopping LXD - container startup/shutdown...
         Stopping D-Bus System Message Bus...
         Stopping (i)SCSI target daemon...
[[0;32m  OK  [0m] Stopped target Login Prompts.
         Stopping Serial Getty on ttyS0...
         Stopping Getty on tty1...
[[0;32m  OK  [0m] Stopped PostgreSQL RDBMS.
[[0;32m  OK  [0m] Stopped target Timers.
[[0;32m  OK  [0m] Stopped Daily Cleanup of Temporary Directories.
[[0;32m  OK  [0m] Stopped Message of the Day.
[[0;32m  OK  [0m] Stopped Discard unused blocks once a week.
         Stopping Virtualbox guest utils...
         Stopping OpenBSD Secure Shell server...
[[0;32m  OK  [0m] Stopped Daily apt upgrade and clean activities.
[[0;32m  OK  [0m] Stopped Daily apt download activities.
[[0;32m  OK  [0m] Stopped target System Time Synchronized.
[[0;32m  OK  [0m] Unmounted /var/lib/lxcfs.
[[0;32m  OK  [0m] Stopped Accounts Service.
[[0;32m  OK  [0m] Stopped irqbalance daemon.
[[0;32m  OK  [0m] Stopped Deferred execution scheduler.
[[0;32m  OK  [0m] Stopped Regular background program processing daemon.
[[0;32m  OK  [0m] Stopped Dispatcher daemon for systemd-networkd.
[[0;32m  OK  [0m] Stopped Authorization Manager.
[[0;32m  OK  [0m] Stopped Serial Getty on ttyS0.
[[0;32m  OK  [0m] Stopped Getty on tty1.
[[0;32m  OK  [0m] Stopped OpenBSD Secure Shell server.
[[0;32m  OK  [0m] Stopped memcached daemon.
[[0;32m  OK  [0m] Stopped HAProxy Load Balancer.
[[0;32m  OK  [0m] Stopped Conntrack Daemon.
[[0;32m  OK  [0m] Stopped Samba SMB Daemon.
[[0;32m  OK  [0m] Stopped Devstack devstack@dstat.service.
[[0;32m  OK  [0m] Stopped User Manager for UID 1000.
[[0;32m  OK  [0m] Stopped Availability of block devices.
[[0;32m  OK  [0m] Stopped D-Bus System Message Bus.
[[0;32m  OK  [0m] Stopped FUSE filesystem for LXC.
[[0;32m  OK  [0m] Stopped Session 16 of user vagrant.
[[0;32m  OK  [0m] Removed slice User Slice of vagrant.
         Stopping Login Service...
[[0;32m  OK  [0m] Removed slice system-devstack.slice.
         Stopping Samba NMB Daemon...
         Stopping System Logging Service...
[[0;32m  OK  [0m] Removed slice system-getty.slice.
[[0;32m  OK  [0m] Removed slice system-serial\x2dgetty.slice.
         Stopping Permit User Sessions...
[[0;32m  OK  [0m] Stopped System Logging Service.
[[0;32m  OK  [0m] Stopped Samba NMB Daemon.
[[0;32m  OK  [0m] Stopped LSB: Record successful boot for GRUB.
[[0;32m  OK  [0m] Stopped LSB: ipvsadm daemon.
[[0;32m  OK  [0m] Stopped LSB: automatic crash report generation.
[[0;32m  OK  [0m] Stopped LXD - container startup/shutdown.
[[0;32m  OK  [0m] Stopped Virtualbox guest utils.
[[0;32m  OK  [0m] Stopped Permit User Sessions.
[[0;32m  OK  [0m] Stopped Login Service.
[[0;32m  OK  [0m] Stopped target User and Group Name Lookups.
[[0;32m  OK  [0m] Stopped LSB: Start/stop uWSGI server instance(s).
[[0;32m  OK  [0m] Stopped target Network is Online.
[[0;32m  OK  [0m] Stopped (i)SCSI target daemon.
[[0;32m  OK  [0m] Stopped The Apache HTTP Server.
[[0;32m  OK  [0m] Stopped target Host and Network Name Lookups.
[[0;32m  OK  [0m] Stopped target Remote File Systems.
[[0;32m  OK  [0m] Stopped target Remote File Systems (Pre).
         Stopping NFS server and services...
[[0;32m  OK  [0m] Stopped NFS server and services.
         Stopping NFSv4 ID-name mapping service...
         Stopping NFS Mount Daemon...
[[0;32m  OK  [0m] Stopped NFSv4 ID-name mapping service.
         Unmounting RPC Pipe File System...
[[0;32m  OK  [0m] Stopped NFS Mount Daemon.
[[0;32m  OK  [0m] Unmounted RPC Pipe File System.
[[0;32m  OK  [0m] Stopped MySQL Community Server.
[ [0;31m*[0;1;31m*[0m[0;31m*  [0m] A stop job is running for RabbitMQ Messaging Server (7s / 1min 31s)[K[  [0;31m*[0;1;31m*[0m[0;31m* [0m] A stop job is running for RabbitMQ Messaging Server (7s / 1min 31s)[K[   [0;31m*[0;1;31m*[0m[0;31m*[0m] A stop job is running for RabbitMQ Messaging Server (8s / 1min 31s)[K[    [0;31m*[0;1;31m*[0m] A stop job is running for RabbitMQ Messaging Server (8s / 1min 31s)[K[     [0;31m*[0m] A stop job is running for RabbitMQ Messaging Server (9s / 1min 31s)[K[    [0;31m*[0;1;31m*[0m] A stop job is running for RabbitMQ Messaging Server (9s / 1min 31s)[K[   [0;31m*[0;1;31m*[0m[0;31m*[0m] A stop job is running for RabbitMQ Messaging Server (10s / 1min 31s)[K[  [0;31m*[0;1;31m*[0m[0;31m* [0m] A stop job is running for RabbitMQ Messaging Server (10s / 1min 31s)[K[ [0;31m*[0;1;31m*[0m[0;31m*  [0m] A stop job is running for RabbitMQ Messaging Server (11s / 1min 31s)[K[[0;31m*[0;1;31m*[0m[0;31m*   [0m] A stop job is running for RabbitMQ Messaging Server (11s / 1min 31s)[K[[0;1;31m*[0m[0;31m*    [0m] A stop job is running for RabbitMQ Messaging Server (12s / 1min 31s)[K[[0m[0;31m*     [0m] A stop job is running for RabbitMQ Messaging Server (12s / 1min 31s)[K[[0;1;31m*[0m[0;31m*    [0m] A stop job is running for RabbitMQ Messaging Server (13s / 1min 31s)[K[[0;31m*[0;1;31m*[0m[0;31m*   [0m] A stop job is running for RabbitMQ Messaging Server (13s / 1min 31s)[K[ [0;31m*[0;1;31m*[0m[0;31m*  [0m] A stop job is running for RabbitMQ Messaging Server (14s / 1min 31s)[K[  [0;31m*[0;1;31m*[0m[0;31m* [0m] A stop job is running for RabbitMQ Messaging Server (14s / 1min 31s)[K[   [0;31m*[0;1;31m*[0m[0;31m*[0m] A stop job is running for RabbitMQ Messaging Server (15s / 1min 31s)[K[    [0;31m*[0;1;31m*[0m] A stop job is running for RabbitMQ Messaging Server (15s / 1min 31s)[K[     [0;31m*[0m] A stop job is running for RabbitMQ Messaging Server (16s / 1min 31s)[K[    [0;31m*[0;1;31m*[0m] A stop job is running for RabbitMQ Messaging Server (17s / 1min 31s)[K[   [0;31m*[0;1;31m*[0m[0;31m*[0m] A stop job is running for RabbitMQ Messaging Server (17s / 1min 31s)[K[  [0;31m*[0;1;31m*[0m[0;31m* [0m] A stop job is running for RabbitMQ Messaging Server (18s / 1min 31s)[K[ [0;31m*[0;1;31m*[0m[0;31m*  [0m] A stop job is running for RabbitMQ Messaging Server (18s / 1min 31s)[K[[0;31m*[0;1;31m*[0m[0;31m*   [0m] A stop job is running for RabbitMQ Messaging Server (19s / 1min 31s)[K[[0;1;31m*[0m[0;31m*    [0m] A stop job is running for RabbitMQ Messaging Server (19s / 1min 31s)[K[[0m[0;31m*     [0m] A stop job is running for RabbitMQ Messaging Server (20s / 1min 31s)[K[[0;1;31m*[0m[0;31m*    [0m] A stop job is running for RabbitMQ Messaging Server (20s / 1min 31s)[K[[0;31m*[0;1;31m*[0m[0;31m*   [0m] A stop job is running for RabbitMQ Messaging Server (21s / 1min 31s)[K[ [0;31m*[0;1;31m*[0m[0;31m*  [0m] A stop job is running for RabbitMQ Messaging Server (22s / 1min 31s)[K[  [0;31m*[0;1;31m*[0m[0;31m* [0m] A stop job is running for RabbitMQ Messaging Server (22s / 1min 31s)[K[   [0;31m*[0;1;31m*[0m[0;31m*[0m] A stop job is running for RabbitMQ Messaging Server (23s / 1min 31s)[K[    [0;31m*[0;1;31m*[0m] A stop job is running for RabbitMQ Messaging Server (23s / 1min 31s)[K[     [0;31m*[0m] A stop job is running for RabbitMQ Messaging Server (24s / 1min 31s)[K[    [0;31m*[0;1;31m*[0m] A stop job is running for RabbitMQ Messaging Server (24s / 1min 31s)[K[   [0;31m*[0;1;31m*[0m[0;31m*[0m] A stop job is running for RabbitMQ Messaging Server (25s / 1min 31s)[K[  [0;31m*[0;1;31m*[0m[0;31m* [0m] A stop job is running for RabbitMQ Messaging Server (25s / 1min 31s)[K[ [0;31m*[0;1;31m*[0m[0;31m*  [0m] A stop job is running for RabbitMQ Messaging Server (26s / 1min 31s)[K[[0;31m*[0;1;31m*[0m[0;31m*   [0m] A stop job is running for RabbitMQ Messaging Server (26s / 1min 31s)[K[[0;1;31m*[0m[0;31m*    [0m] A stop job is running for RabbitMQ Messaging Server (27s / 1min 31s)[K[[0m[0;31m*     [0m] A stop job is running for RabbitMQ Messaging Server (28s / 1min 31s)[K[[0;1;31m*[0m[0;31m*    [0m] A stop job is running for RabbitMQ Messaging Server (28s / 1min 31s)[K[[0;31m*[0;1;31m*[0m[0;31m*   [0m] A stop job is running for RabbitMQ Messaging Server (29s / 1min 31s)[K[ [0;31m*[0;1;31m*[0m[0;31m*  [0m] A stop job is running for RabbitMQ Messaging Server (29s / 1min 31s)[K[  [0;31m*[0;1;31m*[0m[0;31m* [0m] A stop job is running for RabbitMQ Messaging Server (30s / 1min 31s)[K[   [0;31m*[0;1;31m*[0m[0;31m*[0m] A stop job is running for RabbitMQ Messaging Server (30s / 1min 31s)[K[    [0;31m*[0;1;31m*[0m] A stop job is running for RabbitMQ Messaging Server (31s / 1min 31s)[K[     [0;31m*[0m] A stop job is running for RabbitMQ Messaging Server (31s / 1min 31s)[K[    [0;31m*[0;1;31m*[0m] A stop job is running for RabbitMQ Messaging Server (32s / 1min 31s)[K[   [0;31m*[0;1;31m*[0m[0;31m*[0m] A stop job is running for RabbitMQ Messaging Server (32s / 1min 31s)[K[  [0;31m*[0;1;31m*[0m[0;31m* [0m] A stop job is running for RabbitMQ Messaging Server (33s / 1min 31s)[K[ [0;31m*[0;1;31m*[0m[0;31m*  [0m] A stop job is running for RabbitMQ Messaging Server (34s / 1min 31s)[K[[0;31m*[0;1;31m*[0m[0;31m*   [0m] A stop job is running for RabbitMQ Messaging Server (34s / 1min 31s)[K[[0;1;31m*[0m[0;31m*    [0m] A stop job is running for RabbitMQ Messaging Server (35s / 1min 31s)[K[[0m[0;31m*     [0m] A stop job is running for RabbitMQ Messaging Server (35s / 1min 31s)[K[[0;1;31m*[0m[0;31m*    [0m] A stop job is running for RabbitMQ Messaging Server (36s / 1min 31s)[K[[0;31m*[0;1;31m*[0m[0;31m*   [0m] A stop job is running for RabbitMQ Messaging Server (36s / 1min 31s)[K[ [0;31m*[0;1;31m*[0m[0;31m*  [0m] A stop job is running for RabbitMQ Messaging Server (37s / 1min 31s)[K[  [0;31m*[0;1;31m*[0m[0;31m* [0m] A stop job is running for RabbitMQ Messaging Server (37s / 1min 31s)[K[   [0;31m*[0;1;31m*[0m[0;31m*[0m] A stop job is running for RabbitMQ Messaging Server (38s / 1min 31s)[K[    [0;31m*[0;1;31m*[0m] A stop job is running for RabbitMQ Messaging Server (38s / 1min 31s)[K[     [0;31m*[0m] A stop job is running for RabbitMQ Messaging Server (39s / 1min 31s)[K[    [0;31m*[0;1;31m*[0m] A stop job is running for RabbitMQ Messaging Server (40s / 1min 31s)[K[   [0;31m*[0;1;31m*[0m[0;31m*[0m] A stop job is running for RabbitMQ Messaging Server (40s / 1min 31s)[K[  [0;31m*[0;1;31m*[0m[0;31m* [0m] A stop job is running for RabbitMQ Messaging Server (41s / 1min 31s)[K[ [0;31m*[0;1;31m*[0m[0;31m*  [0m] A stop job is running for RabbitMQ Messaging Server (41s / 1min 31s)[K[[0;31m*[0;1;31m*[0m[0;31m*   [0m] A stop job is running for RabbitMQ Messaging Server (42s / 1min 31s)[K[[0;1;31m*[0m[0;31m*    [0m] A stop job is running for RabbitMQ Messaging Server (42s / 1min 31s)[K[[0m[0;31m*     [0m] A stop job is running for RabbitMQ Messaging Server (43s / 1min 31s)[K[[0;1;31m*[0m[0;31m*    [0m] A stop job is running for RabbitMQ Messaging Server (43s / 1min 31s)[K[[0;31m*[0;1;31m*[0m[0;31m*   [0m] A stop job is running for RabbitMQ Messaging Server (44s / 1min 31s)[K[ [0;31m*[0;1;31m*[0m[0;31m*  [0m] A stop job is running for RabbitMQ Messaging Server (44s / 1min 31s)[K[  [0;31m*[0;1;31m*[0m[0;31m* [0m] A stop job is running for RabbitMQ Messaging Server (45s / 1min 31s)[K[   [0;31m*[0;1;31m*[0m[0;31m*[0m] A stop job is running for RabbitMQ Messaging Server (45s / 1min 31s)[K[    [0;31m*[0;1;31m*[0m] A stop job is running for RabbitMQ Messaging Server (46s / 1min 31s)[K[     [0;31m*[0m] A stop job is running for RabbitMQ Messaging Server (46s / 1min 31s)[K[    [0;31m*[0;1;31m*[0m] A stop job is running for RabbitMQ Messaging Server (47s / 1min 31s)[K[   [0;31m*[0;1;31m*[0m[0;31m*[0m] A stop job is running for RabbitMQ Messaging Server (47s / 1min 31s)[K[  [0;31m*[0;1;31m*[0m[0;31m* [0m] A stop job is running for RabbitMQ Messaging Server (48s / 1min 31s)[K[ [0;31m*[0;1;31m*[0m[0;31m*  [0m] A stop job is running for RabbitMQ Messaging Server (48s / 1min 31s)[K[[0;31m*[0;1;31m*[0m[0;31m*   [0m] A stop job is running for RabbitMQ Messaging Server (49s / 1min 31s)[K[[0;1;31m*[0m[0;31m*    [0m] A stop job is running for RabbitMQ Messaging Server (49s / 1min 31s)[K[[0m[0;31m*     [0m] A stop job is running for RabbitMQ Messaging Server (50s / 1min 31s)[K[[0;1;31m*[0m[0;31m*    [0m] A stop job is running for RabbitMQ Messaging Server (50s / 1min 31s)[K[[0;31m*[0;1;31m*[0m[0;31m*   [0m] A stop job is running for RabbitMQ Messaging Server (51s / 1min 31s)[K[ [0;31m*[0;1;31m*[0m[0;31m*  [0m] A stop job is running for RabbitMQ Messaging Server (52s / 1min 31s)[K[  [0;31m*[0;1;31m*[0m[0;31m* [0m] A stop job is running for RabbitMQ Messaging Server (52s / 1min 31s)[K[   [0;31m*[0;1;31m*[0m[0;31m*[0m] A stop job is running for RabbitMQ Messaging Server (53s / 1min 31s)[K[    [0;31m*[0;1;31m*[0m] A stop job is running for RabbitMQ Messaging Server (53s / 1min 31s)[K[     [0;31m*[0m] A stop job is running for RabbitMQ Messaging Server (54s / 1min 31s)[K[    [0;31m*[0;1;31m*[0m] A stop job is running for RabbitMQ Messaging Server (54s / 1min 31s)[K[   [0;31m*[0;1;31m*[0m[0;31m*[0m] A stop job is running for RabbitMQ Messaging Server (55s / 1min 31s)[K[  [0;31m*[0;1;31m*[0m[0;31m* [0m] A stop job is running for RabbitMQ Messaging Server (56s / 1min 31s)[K[ [0;31m*[0;1;31m*[0m[0;31m*  [0m] A stop job is running for RabbitMQ Messaging Server (56s / 1min 31s)[K[[0;31m*[0;1;31m*[0m[0;31m*   [0m] A stop job is running for RabbitMQ Messaging Server (57s / 1min 31s)[K[[0;1;31m*[0m[0;31m*    [0m] A stop job is running for RabbitMQ Messaging Server (57s / 1min 31s)[K[[0m[0;31m*     [0m] A stop job is running for RabbitMQ Messaging Server (58s / 1min 31s)[K[[0;1;31m*[0m[0;31m*    [0m] A stop job is running for RabbitMQ Messaging Server (58s / 1min 31s)[K[[0;31m*[0;1;31m*[0m[0;31m*   [0m] A stop job is running for RabbitMQ Messaging Server (59s / 1min 31s)[K[ [0;31m*[0;1;31m*[0m[0;31m*  [0m] A stop job is running for RabbitMQ Messaging Server (59s / 1min 31s)